
*** Running vivado
    with args -log design_1_smartconnect_0_0.vds -m64 -product Vivado -mode batch -messageDb vivado.pb -notrace -source design_1_smartconnect_0_0.tcl



****** Vivado v2022.1 (64-bit)
  **** SW Build 3526262 on Mon Apr 18 15:48:16 MDT 2022
  **** IP Build 3524634 on Mon Apr 18 20:55:01 MDT 2022
    ** Copyright 1986-2022 Xilinx, Inc. All Rights Reserved.

source design_1_smartconnect_0_0.tcl -notrace
Command: synth_design -top design_1_smartconnect_0_0 -part xc7z020clg400-1 -incremental_mode off -mode out_of_context
Starting synth_design
Attempting to get a license for feature 'Synthesis' and/or device 'xc7z020'
INFO: [Common 17-349] Got license for feature 'Synthesis' and/or device 'xc7z020'
INFO: [Device 21-403] Loading part xc7z020clg400-1
INFO: [Synth 8-7079] Multithreading enabled for synth_design using a maximum of 2 processes.
INFO: [Synth 8-7078] Launching helper process for spawning children vivado processes
INFO: [Synth 8-7075] Helper process launched with PID 81756
WARNING: [Synth 8-9501] generate block is allowed only inside loop and conditional generate in SystemVerilog mode [G:/Vivado/2022.1/data/ip/xpm/xpm_fifo/hdl/xpm_fifo.sv:4023]
WARNING: [Synth 8-9501] generate block is allowed only inside loop and conditional generate in SystemVerilog mode [f:/yolo_pynq_z2/src/z2viv/z2viv.gen/sources_1/bd/design_1/ipshared/f0b6/hdl/sc_util_v1_0_vl_rfs.sv:2831]
WARNING: [Synth 8-9501] generate block is allowed only inside loop and conditional generate in SystemVerilog mode [f:/yolo_pynq_z2/src/z2viv/z2viv.gen/sources_1/bd/design_1/ipshared/f0b6/hdl/sc_util_v1_0_vl_rfs.sv:2899]
---------------------------------------------------------------------------------
Starting RTL Elaboration : Time (s): cpu = 00:00:12 ; elapsed = 00:00:15 . Memory (MB): peak = 1636.180 ; gain = 0.000
---------------------------------------------------------------------------------
INFO: [Synth 8-6157] synthesizing module 'design_1_smartconnect_0_0' [f:/yolo_pynq_z2/src/z2viv/z2viv.gen/sources_1/bd/design_1/ip/design_1_smartconnect_0_0/synth/design_1_smartconnect_0_0.v:53]
INFO: [Synth 8-6157] synthesizing module 'bd_48ac' [f:/yolo_pynq_z2/src/z2viv/z2viv.gen/sources_1/bd/design_1/ip/design_1_smartconnect_0_0/bd_0/synth/bd_48ac.v:9]
INFO: [Synth 8-6157] synthesizing module 'clk_map_imp_1NMB928' [f:/yolo_pynq_z2/src/z2viv/z2viv.gen/sources_1/bd/design_1/ip/design_1_smartconnect_0_0/bd_0/synth/bd_48ac.v:949]
INFO: [Synth 8-6157] synthesizing module 'bd_48ac_one_0' [f:/yolo_pynq_z2/src/z2viv/z2viv.gen/sources_1/bd/design_1/ip/design_1_smartconnect_0_0/bd_0/ip/ip_0/synth/bd_48ac_one_0.v:53]
INFO: [Synth 8-6157] synthesizing module 'xlconstant_v1_1_7_xlconstant' [f:/yolo_pynq_z2/src/z2viv/z2viv.gen/sources_1/bd/design_1/ipshared/fcfc/hdl/xlconstant_v1_1_vl_rfs.v:23]
INFO: [Synth 8-6155] done synthesizing module 'xlconstant_v1_1_7_xlconstant' (0#1) [f:/yolo_pynq_z2/src/z2viv/z2viv.gen/sources_1/bd/design_1/ipshared/fcfc/hdl/xlconstant_v1_1_vl_rfs.v:23]
INFO: [Synth 8-6155] done synthesizing module 'bd_48ac_one_0' (0#1) [f:/yolo_pynq_z2/src/z2viv/z2viv.gen/sources_1/bd/design_1/ip/design_1_smartconnect_0_0/bd_0/ip/ip_0/synth/bd_48ac_one_0.v:53]
INFO: [Synth 8-638] synthesizing module 'bd_48ac_psr_aclk_0' [f:/yolo_pynq_z2/src/z2viv/z2viv.gen/sources_1/bd/design_1/ip/design_1_smartconnect_0_0/bd_0/ip/ip_1/synth/bd_48ac_psr_aclk_0.vhd:74]
	Parameter C_FAMILY bound to: zynq - type: string 
	Parameter C_EXT_RST_WIDTH bound to: 4 - type: integer 
	Parameter C_AUX_RST_WIDTH bound to: 1 - type: integer 
	Parameter C_EXT_RESET_HIGH bound to: 1'b0 
	Parameter C_AUX_RESET_HIGH bound to: 1'b0 
	Parameter C_NUM_BUS_RST bound to: 1 - type: integer 
	Parameter C_NUM_PERP_RST bound to: 1 - type: integer 
	Parameter C_NUM_INTERCONNECT_ARESETN bound to: 1 - type: integer 
	Parameter C_NUM_PERP_ARESETN bound to: 1 - type: integer 
INFO: [Synth 8-3491] module 'proc_sys_reset' declared at 'f:/yolo_pynq_z2/src/z2viv/z2viv.gen/sources_1/bd/design_1/ipshared/8842/hdl/proc_sys_reset_v5_0_vh_rfs.vhd:1264' bound to instance 'U0' of component 'proc_sys_reset' [f:/yolo_pynq_z2/src/z2viv/z2viv.gen/sources_1/bd/design_1/ip/design_1_smartconnect_0_0/bd_0/ip/ip_1/synth/bd_48ac_psr_aclk_0.vhd:129]
INFO: [Synth 8-638] synthesizing module 'proc_sys_reset' [f:/yolo_pynq_z2/src/z2viv/z2viv.gen/sources_1/bd/design_1/ipshared/8842/hdl/proc_sys_reset_v5_0_vh_rfs.vhd:1323]
	Parameter INIT bound to: 1'b1 
INFO: [Synth 8-113] binding component instance 'FDRE_inst' to cell 'FDRE' [f:/yolo_pynq_z2/src/z2viv/z2viv.gen/sources_1/bd/design_1/ipshared/8842/hdl/proc_sys_reset_v5_0_vh_rfs.vhd:1392]
	Parameter INIT bound to: 1'b1 
INFO: [Synth 8-113] binding component instance 'FDRE_BSR' to cell 'FDRE' [f:/yolo_pynq_z2/src/z2viv/z2viv.gen/sources_1/bd/design_1/ipshared/8842/hdl/proc_sys_reset_v5_0_vh_rfs.vhd:1408]
	Parameter INIT bound to: 1'b0 
INFO: [Synth 8-113] binding component instance 'FDRE_BSR_N' to cell 'FDRE' [f:/yolo_pynq_z2/src/z2viv/z2viv.gen/sources_1/bd/design_1/ipshared/8842/hdl/proc_sys_reset_v5_0_vh_rfs.vhd:1434]
	Parameter INIT bound to: 1'b1 
INFO: [Synth 8-113] binding component instance 'FDRE_PER' to cell 'FDRE' [f:/yolo_pynq_z2/src/z2viv/z2viv.gen/sources_1/bd/design_1/ipshared/8842/hdl/proc_sys_reset_v5_0_vh_rfs.vhd:1457]
	Parameter INIT bound to: 1'b0 
INFO: [Synth 8-113] binding component instance 'FDRE_PER_N' to cell 'FDRE' [f:/yolo_pynq_z2/src/z2viv/z2viv.gen/sources_1/bd/design_1/ipshared/8842/hdl/proc_sys_reset_v5_0_vh_rfs.vhd:1481]
INFO: [Synth 8-638] synthesizing module 'lpf' [f:/yolo_pynq_z2/src/z2viv/z2viv.gen/sources_1/bd/design_1/ipshared/8842/hdl/proc_sys_reset_v5_0_vh_rfs.vhd:816]
INFO: [Synth 8-3491] module 'SRL16' declared at 'G:/Vivado/2022.1/scripts/rt/data/unisim_comp.v:105982' bound to instance 'POR_SRL_I' of component 'SRL16' [f:/yolo_pynq_z2/src/z2viv/z2viv.gen/sources_1/bd/design_1/ipshared/8842/hdl/proc_sys_reset_v5_0_vh_rfs.vhd:868]
INFO: [Synth 8-6157] synthesizing module 'SRL16' [G:/Vivado/2022.1/scripts/rt/data/unisim_comp.v:105982]
INFO: [Synth 8-6155] done synthesizing module 'SRL16' (0#1) [G:/Vivado/2022.1/scripts/rt/data/unisim_comp.v:105982]
INFO: [Synth 8-638] synthesizing module 'cdc_sync' [f:/yolo_pynq_z2/src/z2viv/z2viv.gen/sources_1/bd/design_1/ipshared/ef1e/hdl/lib_cdc_v1_0_rfs.vhd:106]
	Parameter INIT bound to: 1'b0 
INFO: [Synth 8-113] binding component instance 'CROSS_PLEVEL_IN2SCNDRY_IN_cdc_to' to cell 'FDR' [f:/yolo_pynq_z2/src/z2viv/z2viv.gen/sources_1/bd/design_1/ipshared/ef1e/hdl/lib_cdc_v1_0_rfs.vhd:514]
	Parameter INIT bound to: 1'b0 
INFO: [Synth 8-113] binding component instance 'CROSS_PLEVEL_IN2SCNDRY_s_level_out_d2' to cell 'FDR' [f:/yolo_pynq_z2/src/z2viv/z2viv.gen/sources_1/bd/design_1/ipshared/ef1e/hdl/lib_cdc_v1_0_rfs.vhd:545]
	Parameter INIT bound to: 1'b0 
INFO: [Synth 8-113] binding component instance 'CROSS_PLEVEL_IN2SCNDRY_s_level_out_d3' to cell 'FDR' [f:/yolo_pynq_z2/src/z2viv/z2viv.gen/sources_1/bd/design_1/ipshared/ef1e/hdl/lib_cdc_v1_0_rfs.vhd:554]
	Parameter INIT bound to: 1'b0 
INFO: [Synth 8-113] binding component instance 'CROSS_PLEVEL_IN2SCNDRY_s_level_out_d4' to cell 'FDR' [f:/yolo_pynq_z2/src/z2viv/z2viv.gen/sources_1/bd/design_1/ipshared/ef1e/hdl/lib_cdc_v1_0_rfs.vhd:564]
	Parameter INIT bound to: 1'b0 
INFO: [Synth 8-113] binding component instance 'CROSS_PLEVEL_IN2SCNDRY_s_level_out_d5' to cell 'FDR' [f:/yolo_pynq_z2/src/z2viv/z2viv.gen/sources_1/bd/design_1/ipshared/ef1e/hdl/lib_cdc_v1_0_rfs.vhd:574]
	Parameter INIT bound to: 1'b0 
INFO: [Synth 8-113] binding component instance 'CROSS_PLEVEL_IN2SCNDRY_s_level_out_d6' to cell 'FDR' [f:/yolo_pynq_z2/src/z2viv/z2viv.gen/sources_1/bd/design_1/ipshared/ef1e/hdl/lib_cdc_v1_0_rfs.vhd:584]
INFO: [Synth 8-256] done synthesizing module 'cdc_sync' (0#1) [f:/yolo_pynq_z2/src/z2viv/z2viv.gen/sources_1/bd/design_1/ipshared/ef1e/hdl/lib_cdc_v1_0_rfs.vhd:106]
INFO: [Synth 8-256] done synthesizing module 'lpf' (0#1) [f:/yolo_pynq_z2/src/z2viv/z2viv.gen/sources_1/bd/design_1/ipshared/8842/hdl/proc_sys_reset_v5_0_vh_rfs.vhd:816]
INFO: [Synth 8-638] synthesizing module 'sequence_psr' [f:/yolo_pynq_z2/src/z2viv/z2viv.gen/sources_1/bd/design_1/ipshared/8842/hdl/proc_sys_reset_v5_0_vh_rfs.vhd:301]
INFO: [Synth 8-638] synthesizing module 'upcnt_n' [f:/yolo_pynq_z2/src/z2viv/z2viv.gen/sources_1/bd/design_1/ipshared/8842/hdl/proc_sys_reset_v5_0_vh_rfs.vhd:125]
INFO: [Synth 8-256] done synthesizing module 'upcnt_n' (0#1) [f:/yolo_pynq_z2/src/z2viv/z2viv.gen/sources_1/bd/design_1/ipshared/8842/hdl/proc_sys_reset_v5_0_vh_rfs.vhd:125]
INFO: [Synth 8-256] done synthesizing module 'sequence_psr' (0#1) [f:/yolo_pynq_z2/src/z2viv/z2viv.gen/sources_1/bd/design_1/ipshared/8842/hdl/proc_sys_reset_v5_0_vh_rfs.vhd:301]
INFO: [Synth 8-256] done synthesizing module 'proc_sys_reset' (0#1) [f:/yolo_pynq_z2/src/z2viv/z2viv.gen/sources_1/bd/design_1/ipshared/8842/hdl/proc_sys_reset_v5_0_vh_rfs.vhd:1323]
INFO: [Synth 8-256] done synthesizing module 'bd_48ac_psr_aclk_0' (0#1) [f:/yolo_pynq_z2/src/z2viv/z2viv.gen/sources_1/bd/design_1/ip/design_1_smartconnect_0_0/bd_0/ip/ip_1/synth/bd_48ac_psr_aclk_0.vhd:74]
WARNING: [Synth 8-7071] port 'mb_reset' of module 'bd_48ac_psr_aclk_0' is unconnected for instance 'psr_aclk' [f:/yolo_pynq_z2/src/z2viv/z2viv.gen/sources_1/bd/design_1/ip/design_1_smartconnect_0_0/bd_0/synth/bd_48ac.v:990]
WARNING: [Synth 8-7071] port 'bus_struct_reset' of module 'bd_48ac_psr_aclk_0' is unconnected for instance 'psr_aclk' [f:/yolo_pynq_z2/src/z2viv/z2viv.gen/sources_1/bd/design_1/ip/design_1_smartconnect_0_0/bd_0/synth/bd_48ac.v:990]
WARNING: [Synth 8-7071] port 'peripheral_reset' of module 'bd_48ac_psr_aclk_0' is unconnected for instance 'psr_aclk' [f:/yolo_pynq_z2/src/z2viv/z2viv.gen/sources_1/bd/design_1/ip/design_1_smartconnect_0_0/bd_0/synth/bd_48ac.v:990]
WARNING: [Synth 8-7071] port 'peripheral_aresetn' of module 'bd_48ac_psr_aclk_0' is unconnected for instance 'psr_aclk' [f:/yolo_pynq_z2/src/z2viv/z2viv.gen/sources_1/bd/design_1/ip/design_1_smartconnect_0_0/bd_0/synth/bd_48ac.v:990]
WARNING: [Synth 8-7023] instance 'psr_aclk' of module 'bd_48ac_psr_aclk_0' has 10 connections declared, but only 6 given [f:/yolo_pynq_z2/src/z2viv/z2viv.gen/sources_1/bd/design_1/ip/design_1_smartconnect_0_0/bd_0/synth/bd_48ac.v:990]
INFO: [Synth 8-6155] done synthesizing module 'clk_map_imp_1NMB928' (0#1) [f:/yolo_pynq_z2/src/z2viv/z2viv.gen/sources_1/bd/design_1/ip/design_1_smartconnect_0_0/bd_0/synth/bd_48ac.v:949]
INFO: [Synth 8-6157] synthesizing module 'm00_exit_pipeline_imp_CVVFJV' [f:/yolo_pynq_z2/src/z2viv/z2viv.gen/sources_1/bd/design_1/ip/design_1_smartconnect_0_0/bd_0/synth/bd_48ac.v:999]
INFO: [Synth 8-6157] synthesizing module 'bd_48ac_m00e_0' [f:/yolo_pynq_z2/src/z2viv/z2viv.gen/sources_1/bd/design_1/ip/design_1_smartconnect_0_0/bd_0/ip/ip_26/synth/bd_48ac_m00e_0.sv:53]
INFO: [Synth 8-6157] synthesizing module 'xpm_cdc_async_rst' [G:/Vivado/2022.1/data/ip/xpm/xpm_cdc/hdl/xpm_cdc.sv:1174]
INFO: [Synth 8-6155] done synthesizing module 'xpm_cdc_async_rst' (0#1) [G:/Vivado/2022.1/data/ip/xpm/xpm_cdc/hdl/xpm_cdc.sv:1174]
INFO: [Synth 8-6155] done synthesizing module 'bd_48ac_m00e_0' (0#1) [f:/yolo_pynq_z2/src/z2viv/z2viv.gen/sources_1/bd/design_1/ip/design_1_smartconnect_0_0/bd_0/ip/ip_26/synth/bd_48ac_m00e_0.sv:53]
INFO: [Synth 8-6155] done synthesizing module 'm00_exit_pipeline_imp_CVVFJV' (0#1) [f:/yolo_pynq_z2/src/z2viv/z2viv.gen/sources_1/bd/design_1/ip/design_1_smartconnect_0_0/bd_0/synth/bd_48ac.v:999]
INFO: [Synth 8-6157] synthesizing module 'm00_nodes_imp_Z1B1P3' [f:/yolo_pynq_z2/src/z2viv/z2viv.gen/sources_1/bd/design_1/ip/design_1_smartconnect_0_0/bd_0/synth/bd_48ac.v:1370]
INFO: [Synth 8-6157] synthesizing module 'bd_48ac_m00arn_0' [f:/yolo_pynq_z2/src/z2viv/z2viv.gen/sources_1/bd/design_1/ip/design_1_smartconnect_0_0/bd_0/ip/ip_21/synth/bd_48ac_m00arn_0.sv:53]
INFO: [Synth 8-6157] synthesizing module 'xpm_memory_sdpram' [G:/Vivado/2022.1/data/ip/xpm/xpm_memory/hdl/xpm_memory.sv:8476]
INFO: [Synth 8-6157] synthesizing module 'xpm_memory_base' [G:/Vivado/2022.1/data/ip/xpm/xpm_memory/hdl/xpm_memory.sv:56]
INFO: [Synth 8-6155] done synthesizing module 'xpm_memory_base' (0#1) [G:/Vivado/2022.1/data/ip/xpm/xpm_memory/hdl/xpm_memory.sv:56]
INFO: [Synth 8-6155] done synthesizing module 'xpm_memory_sdpram' (0#1) [G:/Vivado/2022.1/data/ip/xpm/xpm_memory/hdl/xpm_memory.sv:8476]
INFO: [Synth 8-6157] synthesizing module 'xpm_memory_sdpram__parameterized0' [G:/Vivado/2022.1/data/ip/xpm/xpm_memory/hdl/xpm_memory.sv:8476]
INFO: [Synth 8-6157] synthesizing module 'xpm_memory_base__parameterized0' [G:/Vivado/2022.1/data/ip/xpm/xpm_memory/hdl/xpm_memory.sv:56]
INFO: [Synth 8-6155] done synthesizing module 'xpm_memory_base__parameterized0' (0#1) [G:/Vivado/2022.1/data/ip/xpm/xpm_memory/hdl/xpm_memory.sv:56]
INFO: [Synth 8-6155] done synthesizing module 'xpm_memory_sdpram__parameterized0' (0#1) [G:/Vivado/2022.1/data/ip/xpm/xpm_memory/hdl/xpm_memory.sv:8476]
INFO: [Synth 8-6155] done synthesizing module 'bd_48ac_m00arn_0' (0#1) [f:/yolo_pynq_z2/src/z2viv/z2viv.gen/sources_1/bd/design_1/ip/design_1_smartconnect_0_0/bd_0/ip/ip_21/synth/bd_48ac_m00arn_0.sv:53]
INFO: [Synth 8-6157] synthesizing module 'bd_48ac_m00awn_0' [f:/yolo_pynq_z2/src/z2viv/z2viv.gen/sources_1/bd/design_1/ip/design_1_smartconnect_0_0/bd_0/ip/ip_23/synth/bd_48ac_m00awn_0.sv:53]
INFO: [Synth 8-6155] done synthesizing module 'bd_48ac_m00awn_0' (0#1) [f:/yolo_pynq_z2/src/z2viv/z2viv.gen/sources_1/bd/design_1/ip/design_1_smartconnect_0_0/bd_0/ip/ip_23/synth/bd_48ac_m00awn_0.sv:53]
INFO: [Synth 8-6157] synthesizing module 'bd_48ac_m00bn_0' [f:/yolo_pynq_z2/src/z2viv/z2viv.gen/sources_1/bd/design_1/ip/design_1_smartconnect_0_0/bd_0/ip/ip_25/synth/bd_48ac_m00bn_0.sv:53]
INFO: [Synth 8-6157] synthesizing module 'xpm_memory_sdpram__parameterized1' [G:/Vivado/2022.1/data/ip/xpm/xpm_memory/hdl/xpm_memory.sv:8476]
INFO: [Synth 8-6157] synthesizing module 'xpm_memory_base__parameterized1' [G:/Vivado/2022.1/data/ip/xpm/xpm_memory/hdl/xpm_memory.sv:56]
INFO: [Synth 8-6155] done synthesizing module 'xpm_memory_base__parameterized1' (0#1) [G:/Vivado/2022.1/data/ip/xpm/xpm_memory/hdl/xpm_memory.sv:56]
INFO: [Synth 8-6155] done synthesizing module 'xpm_memory_sdpram__parameterized1' (0#1) [G:/Vivado/2022.1/data/ip/xpm/xpm_memory/hdl/xpm_memory.sv:8476]
INFO: [Synth 8-6157] synthesizing module 'xpm_memory_sdpram__parameterized2' [G:/Vivado/2022.1/data/ip/xpm/xpm_memory/hdl/xpm_memory.sv:8476]
INFO: [Synth 8-6157] synthesizing module 'xpm_memory_base__parameterized2' [G:/Vivado/2022.1/data/ip/xpm/xpm_memory/hdl/xpm_memory.sv:56]
INFO: [Synth 8-6155] done synthesizing module 'xpm_memory_base__parameterized2' (0#1) [G:/Vivado/2022.1/data/ip/xpm/xpm_memory/hdl/xpm_memory.sv:56]
INFO: [Synth 8-6155] done synthesizing module 'xpm_memory_sdpram__parameterized2' (0#1) [G:/Vivado/2022.1/data/ip/xpm/xpm_memory/hdl/xpm_memory.sv:8476]
INFO: [Synth 8-6155] done synthesizing module 'bd_48ac_m00bn_0' (0#1) [f:/yolo_pynq_z2/src/z2viv/z2viv.gen/sources_1/bd/design_1/ip/design_1_smartconnect_0_0/bd_0/ip/ip_25/synth/bd_48ac_m00bn_0.sv:53]
INFO: [Synth 8-6157] synthesizing module 'bd_48ac_m00rn_0' [f:/yolo_pynq_z2/src/z2viv/z2viv.gen/sources_1/bd/design_1/ip/design_1_smartconnect_0_0/bd_0/ip/ip_22/synth/bd_48ac_m00rn_0.sv:53]
INFO: [Synth 8-6157] synthesizing module 'xpm_memory_sdpram__parameterized3' [G:/Vivado/2022.1/data/ip/xpm/xpm_memory/hdl/xpm_memory.sv:8476]
INFO: [Synth 8-6157] synthesizing module 'xpm_memory_base__parameterized3' [G:/Vivado/2022.1/data/ip/xpm/xpm_memory/hdl/xpm_memory.sv:56]
INFO: [Synth 8-6155] done synthesizing module 'xpm_memory_base__parameterized3' (0#1) [G:/Vivado/2022.1/data/ip/xpm/xpm_memory/hdl/xpm_memory.sv:56]
INFO: [Synth 8-6155] done synthesizing module 'xpm_memory_sdpram__parameterized3' (0#1) [G:/Vivado/2022.1/data/ip/xpm/xpm_memory/hdl/xpm_memory.sv:8476]
INFO: [Synth 8-6155] done synthesizing module 'bd_48ac_m00rn_0' (0#1) [f:/yolo_pynq_z2/src/z2viv/z2viv.gen/sources_1/bd/design_1/ip/design_1_smartconnect_0_0/bd_0/ip/ip_22/synth/bd_48ac_m00rn_0.sv:53]
INFO: [Synth 8-6157] synthesizing module 'bd_48ac_m00wn_0' [f:/yolo_pynq_z2/src/z2viv/z2viv.gen/sources_1/bd/design_1/ip/design_1_smartconnect_0_0/bd_0/ip/ip_24/synth/bd_48ac_m00wn_0.sv:53]
INFO: [Synth 8-6157] synthesizing module 'xpm_memory_sdpram__parameterized4' [G:/Vivado/2022.1/data/ip/xpm/xpm_memory/hdl/xpm_memory.sv:8476]
INFO: [Synth 8-6157] synthesizing module 'xpm_memory_base__parameterized4' [G:/Vivado/2022.1/data/ip/xpm/xpm_memory/hdl/xpm_memory.sv:56]
INFO: [Synth 8-6155] done synthesizing module 'xpm_memory_base__parameterized4' (0#1) [G:/Vivado/2022.1/data/ip/xpm/xpm_memory/hdl/xpm_memory.sv:56]
INFO: [Synth 8-6155] done synthesizing module 'xpm_memory_sdpram__parameterized4' (0#1) [G:/Vivado/2022.1/data/ip/xpm/xpm_memory/hdl/xpm_memory.sv:8476]
INFO: [Synth 8-6157] synthesizing module 'xpm_memory_sdpram__parameterized5' [G:/Vivado/2022.1/data/ip/xpm/xpm_memory/hdl/xpm_memory.sv:8476]
INFO: [Synth 8-6157] synthesizing module 'xpm_memory_base__parameterized5' [G:/Vivado/2022.1/data/ip/xpm/xpm_memory/hdl/xpm_memory.sv:56]
INFO: [Synth 8-6155] done synthesizing module 'xpm_memory_base__parameterized5' (0#1) [G:/Vivado/2022.1/data/ip/xpm/xpm_memory/hdl/xpm_memory.sv:56]
INFO: [Synth 8-6155] done synthesizing module 'xpm_memory_sdpram__parameterized5' (0#1) [G:/Vivado/2022.1/data/ip/xpm/xpm_memory/hdl/xpm_memory.sv:8476]
INFO: [Synth 8-6155] done synthesizing module 'bd_48ac_m00wn_0' (0#1) [f:/yolo_pynq_z2/src/z2viv/z2viv.gen/sources_1/bd/design_1/ip/design_1_smartconnect_0_0/bd_0/ip/ip_24/synth/bd_48ac_m00wn_0.sv:53]
INFO: [Synth 8-6155] done synthesizing module 'm00_nodes_imp_Z1B1P3' (0#1) [f:/yolo_pynq_z2/src/z2viv/z2viv.gen/sources_1/bd/design_1/ip/design_1_smartconnect_0_0/bd_0/synth/bd_48ac.v:1370]
INFO: [Synth 8-6157] synthesizing module 'bd_48ac_m00s2a_0' [f:/yolo_pynq_z2/src/z2viv/z2viv.gen/sources_1/bd/design_1/ip/design_1_smartconnect_0_0/bd_0/ip/ip_20/synth/bd_48ac_m00s2a_0.sv:53]
INFO: [Synth 8-6155] done synthesizing module 'bd_48ac_m00s2a_0' (0#1) [f:/yolo_pynq_z2/src/z2viv/z2viv.gen/sources_1/bd/design_1/ip/design_1_smartconnect_0_0/bd_0/ip/ip_20/synth/bd_48ac_m00s2a_0.sv:53]
INFO: [Synth 8-6157] synthesizing module 'bd_48ac_s00a2s_0' [f:/yolo_pynq_z2/src/z2viv/z2viv.gen/sources_1/bd/design_1/ip/design_1_smartconnect_0_0/bd_0/ip/ip_10/synth/bd_48ac_s00a2s_0.sv:53]
INFO: [Synth 8-6155] done synthesizing module 'bd_48ac_s00a2s_0' (0#1) [f:/yolo_pynq_z2/src/z2viv/z2viv.gen/sources_1/bd/design_1/ip/design_1_smartconnect_0_0/bd_0/ip/ip_10/synth/bd_48ac_s00a2s_0.sv:53]
INFO: [Synth 8-6157] synthesizing module 's00_entry_pipeline_imp_1C3JDRS' [f:/yolo_pynq_z2/src/z2viv/z2viv.gen/sources_1/bd/design_1/ip/design_1_smartconnect_0_0/bd_0/synth/bd_48ac.v:1675]
INFO: [Synth 8-6157] synthesizing module 'bd_48ac_s00mmu_0' [f:/yolo_pynq_z2/src/z2viv/z2viv.gen/sources_1/bd/design_1/ip/design_1_smartconnect_0_0/bd_0/ip/ip_7/synth/bd_48ac_s00mmu_0.sv:53]
INFO: [Synth 8-6155] done synthesizing module 'bd_48ac_s00mmu_0' (0#1) [f:/yolo_pynq_z2/src/z2viv/z2viv.gen/sources_1/bd/design_1/ip/design_1_smartconnect_0_0/bd_0/ip/ip_7/synth/bd_48ac_s00mmu_0.sv:53]
INFO: [Synth 8-6157] synthesizing module 'bd_48ac_s00sic_0' [f:/yolo_pynq_z2/src/z2viv/z2viv.gen/sources_1/bd/design_1/ip/design_1_smartconnect_0_0/bd_0/ip/ip_9/synth/bd_48ac_s00sic_0.sv:53]
INFO: [Synth 8-6155] done synthesizing module 'bd_48ac_s00sic_0' (0#1) [f:/yolo_pynq_z2/src/z2viv/z2viv.gen/sources_1/bd/design_1/ip/design_1_smartconnect_0_0/bd_0/ip/ip_9/synth/bd_48ac_s00sic_0.sv:53]
INFO: [Synth 8-6157] synthesizing module 'bd_48ac_s00tr_0' [f:/yolo_pynq_z2/src/z2viv/z2viv.gen/sources_1/bd/design_1/ip/design_1_smartconnect_0_0/bd_0/ip/ip_8/synth/bd_48ac_s00tr_0.sv:53]
INFO: [Synth 8-6155] done synthesizing module 'bd_48ac_s00tr_0' (0#1) [f:/yolo_pynq_z2/src/z2viv/z2viv.gen/sources_1/bd/design_1/ip/design_1_smartconnect_0_0/bd_0/ip/ip_8/synth/bd_48ac_s00tr_0.sv:53]
WARNING: [Synth 8-7071] port 'm_axi_arburst' of module 'bd_48ac_s00tr_0' is unconnected for instance 's00_transaction_regulator' [f:/yolo_pynq_z2/src/z2viv/z2viv.gen/sources_1/bd/design_1/ip/design_1_smartconnect_0_0/bd_0/synth/bd_48ac.v:1922]
WARNING: [Synth 8-7023] instance 's00_transaction_regulator' of module 'bd_48ac_s00tr_0' has 38 connections declared, but only 37 given [f:/yolo_pynq_z2/src/z2viv/z2viv.gen/sources_1/bd/design_1/ip/design_1_smartconnect_0_0/bd_0/synth/bd_48ac.v:1922]
INFO: [Synth 8-6155] done synthesizing module 's00_entry_pipeline_imp_1C3JDRS' (0#1) [f:/yolo_pynq_z2/src/z2viv/z2viv.gen/sources_1/bd/design_1/ip/design_1_smartconnect_0_0/bd_0/synth/bd_48ac.v:1675]
INFO: [Synth 8-6157] synthesizing module 's00_nodes_imp_1FAO4F6' [f:/yolo_pynq_z2/src/z2viv/z2viv.gen/sources_1/bd/design_1/ip/design_1_smartconnect_0_0/bd_0/synth/bd_48ac.v:1962]
INFO: [Synth 8-6157] synthesizing module 'bd_48ac_sarn_0' [f:/yolo_pynq_z2/src/z2viv/z2viv.gen/sources_1/bd/design_1/ip/design_1_smartconnect_0_0/bd_0/ip/ip_11/synth/bd_48ac_sarn_0.sv:53]
INFO: [Synth 8-6157] synthesizing module 'xpm_memory_sdpram__parameterized6' [G:/Vivado/2022.1/data/ip/xpm/xpm_memory/hdl/xpm_memory.sv:8476]
INFO: [Synth 8-6157] synthesizing module 'xpm_memory_base__parameterized6' [G:/Vivado/2022.1/data/ip/xpm/xpm_memory/hdl/xpm_memory.sv:56]
INFO: [Synth 8-6155] done synthesizing module 'xpm_memory_base__parameterized6' (0#1) [G:/Vivado/2022.1/data/ip/xpm/xpm_memory/hdl/xpm_memory.sv:56]
INFO: [Synth 8-6155] done synthesizing module 'xpm_memory_sdpram__parameterized6' (0#1) [G:/Vivado/2022.1/data/ip/xpm/xpm_memory/hdl/xpm_memory.sv:8476]
INFO: [Synth 8-6157] synthesizing module 'xpm_memory_sdpram__parameterized7' [G:/Vivado/2022.1/data/ip/xpm/xpm_memory/hdl/xpm_memory.sv:8476]
INFO: [Synth 8-6157] synthesizing module 'xpm_memory_base__parameterized7' [G:/Vivado/2022.1/data/ip/xpm/xpm_memory/hdl/xpm_memory.sv:56]
INFO: [Synth 8-6155] done synthesizing module 'xpm_memory_base__parameterized7' (0#1) [G:/Vivado/2022.1/data/ip/xpm/xpm_memory/hdl/xpm_memory.sv:56]
INFO: [Synth 8-6155] done synthesizing module 'xpm_memory_sdpram__parameterized7' (0#1) [G:/Vivado/2022.1/data/ip/xpm/xpm_memory/hdl/xpm_memory.sv:8476]
INFO: [Synth 8-6155] done synthesizing module 'bd_48ac_sarn_0' (0#1) [f:/yolo_pynq_z2/src/z2viv/z2viv.gen/sources_1/bd/design_1/ip/design_1_smartconnect_0_0/bd_0/ip/ip_11/synth/bd_48ac_sarn_0.sv:53]
INFO: [Synth 8-6157] synthesizing module 'bd_48ac_srn_0' [f:/yolo_pynq_z2/src/z2viv/z2viv.gen/sources_1/bd/design_1/ip/design_1_smartconnect_0_0/bd_0/ip/ip_12/synth/bd_48ac_srn_0.sv:53]
INFO: [Synth 8-6157] synthesizing module 'xpm_memory_sdpram__parameterized8' [G:/Vivado/2022.1/data/ip/xpm/xpm_memory/hdl/xpm_memory.sv:8476]
INFO: [Synth 8-6157] synthesizing module 'xpm_memory_base__parameterized8' [G:/Vivado/2022.1/data/ip/xpm/xpm_memory/hdl/xpm_memory.sv:56]
INFO: [Synth 8-6155] done synthesizing module 'xpm_memory_base__parameterized8' (0#1) [G:/Vivado/2022.1/data/ip/xpm/xpm_memory/hdl/xpm_memory.sv:56]
INFO: [Synth 8-6155] done synthesizing module 'xpm_memory_sdpram__parameterized8' (0#1) [G:/Vivado/2022.1/data/ip/xpm/xpm_memory/hdl/xpm_memory.sv:8476]
INFO: [Synth 8-6155] done synthesizing module 'bd_48ac_srn_0' (0#1) [f:/yolo_pynq_z2/src/z2viv/z2viv.gen/sources_1/bd/design_1/ip/design_1_smartconnect_0_0/bd_0/ip/ip_12/synth/bd_48ac_srn_0.sv:53]
INFO: [Synth 8-6155] done synthesizing module 's00_nodes_imp_1FAO4F6' (0#1) [f:/yolo_pynq_z2/src/z2viv/z2viv.gen/sources_1/bd/design_1/ip/design_1_smartconnect_0_0/bd_0/synth/bd_48ac.v:1962]
INFO: [Synth 8-6157] synthesizing module 'bd_48ac_s01a2s_0' [f:/yolo_pynq_z2/src/z2viv/z2viv.gen/sources_1/bd/design_1/ip/design_1_smartconnect_0_0/bd_0/ip/ip_16/synth/bd_48ac_s01a2s_0.sv:53]
INFO: [Synth 8-6155] done synthesizing module 'bd_48ac_s01a2s_0' (0#1) [f:/yolo_pynq_z2/src/z2viv/z2viv.gen/sources_1/bd/design_1/ip/design_1_smartconnect_0_0/bd_0/ip/ip_16/synth/bd_48ac_s01a2s_0.sv:53]
INFO: [Synth 8-6157] synthesizing module 's01_entry_pipeline_imp_F11SX8' [f:/yolo_pynq_z2/src/z2viv/z2viv.gen/sources_1/bd/design_1/ip/design_1_smartconnect_0_0/bd_0/synth/bd_48ac.v:2093]
INFO: [Synth 8-6157] synthesizing module 'bd_48ac_s01mmu_0' [f:/yolo_pynq_z2/src/z2viv/z2viv.gen/sources_1/bd/design_1/ip/design_1_smartconnect_0_0/bd_0/ip/ip_13/synth/bd_48ac_s01mmu_0.sv:53]
INFO: [Synth 8-6155] done synthesizing module 'bd_48ac_s01mmu_0' (0#1) [f:/yolo_pynq_z2/src/z2viv/z2viv.gen/sources_1/bd/design_1/ip/design_1_smartconnect_0_0/bd_0/ip/ip_13/synth/bd_48ac_s01mmu_0.sv:53]
INFO: [Synth 8-6157] synthesizing module 'bd_48ac_s01sic_0' [f:/yolo_pynq_z2/src/z2viv/z2viv.gen/sources_1/bd/design_1/ip/design_1_smartconnect_0_0/bd_0/ip/ip_15/synth/bd_48ac_s01sic_0.sv:53]
INFO: [Synth 8-6155] done synthesizing module 'bd_48ac_s01sic_0' (0#1) [f:/yolo_pynq_z2/src/z2viv/z2viv.gen/sources_1/bd/design_1/ip/design_1_smartconnect_0_0/bd_0/ip/ip_15/synth/bd_48ac_s01sic_0.sv:53]
INFO: [Synth 8-6157] synthesizing module 'bd_48ac_s01tr_0' [f:/yolo_pynq_z2/src/z2viv/z2viv.gen/sources_1/bd/design_1/ip/design_1_smartconnect_0_0/bd_0/ip/ip_14/synth/bd_48ac_s01tr_0.sv:53]
INFO: [Synth 8-6155] done synthesizing module 'bd_48ac_s01tr_0' (0#1) [f:/yolo_pynq_z2/src/z2viv/z2viv.gen/sources_1/bd/design_1/ip/design_1_smartconnect_0_0/bd_0/ip/ip_14/synth/bd_48ac_s01tr_0.sv:53]
WARNING: [Synth 8-7071] port 'm_axi_awburst' of module 'bd_48ac_s01tr_0' is unconnected for instance 's01_transaction_regulator' [f:/yolo_pynq_z2/src/z2viv/z2viv.gen/sources_1/bd/design_1/ip/design_1_smartconnect_0_0/bd_0/synth/bd_48ac.v:2391]
WARNING: [Synth 8-7023] instance 's01_transaction_regulator' of module 'bd_48ac_s01tr_0' has 46 connections declared, but only 45 given [f:/yolo_pynq_z2/src/z2viv/z2viv.gen/sources_1/bd/design_1/ip/design_1_smartconnect_0_0/bd_0/synth/bd_48ac.v:2391]
INFO: [Synth 8-6155] done synthesizing module 's01_entry_pipeline_imp_F11SX8' (0#1) [f:/yolo_pynq_z2/src/z2viv/z2viv.gen/sources_1/bd/design_1/ip/design_1_smartconnect_0_0/bd_0/synth/bd_48ac.v:2093]
INFO: [Synth 8-6157] synthesizing module 's01_nodes_imp_AIXRF8' [f:/yolo_pynq_z2/src/z2viv/z2viv.gen/sources_1/bd/design_1/ip/design_1_smartconnect_0_0/bd_0/synth/bd_48ac.v:2439]
INFO: [Synth 8-6157] synthesizing module 'bd_48ac_sawn_0' [f:/yolo_pynq_z2/src/z2viv/z2viv.gen/sources_1/bd/design_1/ip/design_1_smartconnect_0_0/bd_0/ip/ip_17/synth/bd_48ac_sawn_0.sv:53]
INFO: [Synth 8-6155] done synthesizing module 'bd_48ac_sawn_0' (0#1) [f:/yolo_pynq_z2/src/z2viv/z2viv.gen/sources_1/bd/design_1/ip/design_1_smartconnect_0_0/bd_0/ip/ip_17/synth/bd_48ac_sawn_0.sv:53]
INFO: [Synth 8-6157] synthesizing module 'bd_48ac_sbn_0' [f:/yolo_pynq_z2/src/z2viv/z2viv.gen/sources_1/bd/design_1/ip/design_1_smartconnect_0_0/bd_0/ip/ip_19/synth/bd_48ac_sbn_0.sv:53]
INFO: [Synth 8-6157] synthesizing module 'xpm_memory_sdpram__parameterized9' [G:/Vivado/2022.1/data/ip/xpm/xpm_memory/hdl/xpm_memory.sv:8476]
INFO: [Synth 8-6157] synthesizing module 'xpm_memory_base__parameterized9' [G:/Vivado/2022.1/data/ip/xpm/xpm_memory/hdl/xpm_memory.sv:56]
INFO: [Synth 8-6155] done synthesizing module 'xpm_memory_base__parameterized9' (0#1) [G:/Vivado/2022.1/data/ip/xpm/xpm_memory/hdl/xpm_memory.sv:56]
INFO: [Synth 8-6155] done synthesizing module 'xpm_memory_sdpram__parameterized9' (0#1) [G:/Vivado/2022.1/data/ip/xpm/xpm_memory/hdl/xpm_memory.sv:8476]
INFO: [Synth 8-6155] done synthesizing module 'bd_48ac_sbn_0' (0#1) [f:/yolo_pynq_z2/src/z2viv/z2viv.gen/sources_1/bd/design_1/ip/design_1_smartconnect_0_0/bd_0/ip/ip_19/synth/bd_48ac_sbn_0.sv:53]
INFO: [Synth 8-6157] synthesizing module 'bd_48ac_swn_0' [f:/yolo_pynq_z2/src/z2viv/z2viv.gen/sources_1/bd/design_1/ip/design_1_smartconnect_0_0/bd_0/ip/ip_18/synth/bd_48ac_swn_0.sv:53]
INFO: [Synth 8-6157] synthesizing module 'xpm_memory_sdpram__parameterized10' [G:/Vivado/2022.1/data/ip/xpm/xpm_memory/hdl/xpm_memory.sv:8476]
INFO: [Synth 8-6157] synthesizing module 'xpm_memory_base__parameterized10' [G:/Vivado/2022.1/data/ip/xpm/xpm_memory/hdl/xpm_memory.sv:56]
INFO: [Synth 8-6155] done synthesizing module 'xpm_memory_base__parameterized10' (0#1) [G:/Vivado/2022.1/data/ip/xpm/xpm_memory/hdl/xpm_memory.sv:56]
INFO: [Synth 8-6155] done synthesizing module 'xpm_memory_sdpram__parameterized10' (0#1) [G:/Vivado/2022.1/data/ip/xpm/xpm_memory/hdl/xpm_memory.sv:8476]
INFO: [Synth 8-6155] done synthesizing module 'bd_48ac_swn_0' (0#1) [f:/yolo_pynq_z2/src/z2viv/z2viv.gen/sources_1/bd/design_1/ip/design_1_smartconnect_0_0/bd_0/ip/ip_18/synth/bd_48ac_swn_0.sv:53]
INFO: [Synth 8-6155] done synthesizing module 's01_nodes_imp_AIXRF8' (0#1) [f:/yolo_pynq_z2/src/z2viv/z2viv.gen/sources_1/bd/design_1/ip/design_1_smartconnect_0_0/bd_0/synth/bd_48ac.v:2439]
INFO: [Synth 8-6157] synthesizing module 'switchboards_imp_1MKJLH2' [f:/yolo_pynq_z2/src/z2viv/z2viv.gen/sources_1/bd/design_1/ip/design_1_smartconnect_0_0/bd_0/synth/bd_48ac.v:2625]
INFO: [Synth 8-6157] synthesizing module 'bd_48ac_arsw_0' [f:/yolo_pynq_z2/src/z2viv/z2viv.gen/sources_1/bd/design_1/ip/design_1_smartconnect_0_0/bd_0/ip/ip_2/synth/bd_48ac_arsw_0.sv:53]
INFO: [Synth 8-6155] done synthesizing module 'bd_48ac_arsw_0' (0#1) [f:/yolo_pynq_z2/src/z2viv/z2viv.gen/sources_1/bd/design_1/ip/design_1_smartconnect_0_0/bd_0/ip/ip_2/synth/bd_48ac_arsw_0.sv:53]
INFO: [Synth 8-6157] synthesizing module 'bd_48ac_awsw_0' [f:/yolo_pynq_z2/src/z2viv/z2viv.gen/sources_1/bd/design_1/ip/design_1_smartconnect_0_0/bd_0/ip/ip_4/synth/bd_48ac_awsw_0.sv:53]
INFO: [Synth 8-6155] done synthesizing module 'bd_48ac_awsw_0' (0#1) [f:/yolo_pynq_z2/src/z2viv/z2viv.gen/sources_1/bd/design_1/ip/design_1_smartconnect_0_0/bd_0/ip/ip_4/synth/bd_48ac_awsw_0.sv:53]
INFO: [Synth 8-6157] synthesizing module 'bd_48ac_bsw_0' [f:/yolo_pynq_z2/src/z2viv/z2viv.gen/sources_1/bd/design_1/ip/design_1_smartconnect_0_0/bd_0/ip/ip_6/synth/bd_48ac_bsw_0.sv:53]
INFO: [Synth 8-6155] done synthesizing module 'bd_48ac_bsw_0' (0#1) [f:/yolo_pynq_z2/src/z2viv/z2viv.gen/sources_1/bd/design_1/ip/design_1_smartconnect_0_0/bd_0/ip/ip_6/synth/bd_48ac_bsw_0.sv:53]
INFO: [Synth 8-6157] synthesizing module 'bd_48ac_rsw_0' [f:/yolo_pynq_z2/src/z2viv/z2viv.gen/sources_1/bd/design_1/ip/design_1_smartconnect_0_0/bd_0/ip/ip_3/synth/bd_48ac_rsw_0.sv:53]
INFO: [Synth 8-6155] done synthesizing module 'bd_48ac_rsw_0' (0#1) [f:/yolo_pynq_z2/src/z2viv/z2viv.gen/sources_1/bd/design_1/ip/design_1_smartconnect_0_0/bd_0/ip/ip_3/synth/bd_48ac_rsw_0.sv:53]
INFO: [Synth 8-6157] synthesizing module 'bd_48ac_wsw_0' [f:/yolo_pynq_z2/src/z2viv/z2viv.gen/sources_1/bd/design_1/ip/design_1_smartconnect_0_0/bd_0/ip/ip_5/synth/bd_48ac_wsw_0.sv:53]
INFO: [Synth 8-6155] done synthesizing module 'bd_48ac_wsw_0' (0#1) [f:/yolo_pynq_z2/src/z2viv/z2viv.gen/sources_1/bd/design_1/ip/design_1_smartconnect_0_0/bd_0/ip/ip_5/synth/bd_48ac_wsw_0.sv:53]
INFO: [Synth 8-6155] done synthesizing module 'switchboards_imp_1MKJLH2' (0#1) [f:/yolo_pynq_z2/src/z2viv/z2viv.gen/sources_1/bd/design_1/ip/design_1_smartconnect_0_0/bd_0/synth/bd_48ac.v:2625]
WARNING: [Synth 8-7071] port 'M00_SC_B_info' of module 'switchboards_imp_1MKJLH2' is unconnected for instance 'switchboards' [f:/yolo_pynq_z2/src/z2viv/z2viv.gen/sources_1/bd/design_1/ip/design_1_smartconnect_0_0/bd_0/synth/bd_48ac.v:880]
WARNING: [Synth 8-7071] port 'M00_SC_B_payld' of module 'switchboards_imp_1MKJLH2' is unconnected for instance 'switchboards' [f:/yolo_pynq_z2/src/z2viv/z2viv.gen/sources_1/bd/design_1/ip/design_1_smartconnect_0_0/bd_0/synth/bd_48ac.v:880]
WARNING: [Synth 8-7071] port 'M00_SC_B_req' of module 'switchboards_imp_1MKJLH2' is unconnected for instance 'switchboards' [f:/yolo_pynq_z2/src/z2viv/z2viv.gen/sources_1/bd/design_1/ip/design_1_smartconnect_0_0/bd_0/synth/bd_48ac.v:880]
WARNING: [Synth 8-7071] port 'M00_SC_B_send' of module 'switchboards_imp_1MKJLH2' is unconnected for instance 'switchboards' [f:/yolo_pynq_z2/src/z2viv/z2viv.gen/sources_1/bd/design_1/ip/design_1_smartconnect_0_0/bd_0/synth/bd_48ac.v:880]
WARNING: [Synth 8-7071] port 'M01_SC_R_info' of module 'switchboards_imp_1MKJLH2' is unconnected for instance 'switchboards' [f:/yolo_pynq_z2/src/z2viv/z2viv.gen/sources_1/bd/design_1/ip/design_1_smartconnect_0_0/bd_0/synth/bd_48ac.v:880]
WARNING: [Synth 8-7071] port 'M01_SC_R_payld' of module 'switchboards_imp_1MKJLH2' is unconnected for instance 'switchboards' [f:/yolo_pynq_z2/src/z2viv/z2viv.gen/sources_1/bd/design_1/ip/design_1_smartconnect_0_0/bd_0/synth/bd_48ac.v:880]
WARNING: [Synth 8-7071] port 'M01_SC_R_req' of module 'switchboards_imp_1MKJLH2' is unconnected for instance 'switchboards' [f:/yolo_pynq_z2/src/z2viv/z2viv.gen/sources_1/bd/design_1/ip/design_1_smartconnect_0_0/bd_0/synth/bd_48ac.v:880]
WARNING: [Synth 8-7071] port 'M01_SC_R_send' of module 'switchboards_imp_1MKJLH2' is unconnected for instance 'switchboards' [f:/yolo_pynq_z2/src/z2viv/z2viv.gen/sources_1/bd/design_1/ip/design_1_smartconnect_0_0/bd_0/synth/bd_48ac.v:880]
WARNING: [Synth 8-7071] port 'S00_SC_AW_recv' of module 'switchboards_imp_1MKJLH2' is unconnected for instance 'switchboards' [f:/yolo_pynq_z2/src/z2viv/z2viv.gen/sources_1/bd/design_1/ip/design_1_smartconnect_0_0/bd_0/synth/bd_48ac.v:880]
WARNING: [Synth 8-7071] port 'S00_SC_W_recv' of module 'switchboards_imp_1MKJLH2' is unconnected for instance 'switchboards' [f:/yolo_pynq_z2/src/z2viv/z2viv.gen/sources_1/bd/design_1/ip/design_1_smartconnect_0_0/bd_0/synth/bd_48ac.v:880]
WARNING: [Synth 8-7071] port 'S01_SC_AR_recv' of module 'switchboards_imp_1MKJLH2' is unconnected for instance 'switchboards' [f:/yolo_pynq_z2/src/z2viv/z2viv.gen/sources_1/bd/design_1/ip/design_1_smartconnect_0_0/bd_0/synth/bd_48ac.v:880]
WARNING: [Synth 8-7023] instance 'switchboards' of module 'switchboards_imp_1MKJLH2' has 77 connections declared, but only 66 given [f:/yolo_pynq_z2/src/z2viv/z2viv.gen/sources_1/bd/design_1/ip/design_1_smartconnect_0_0/bd_0/synth/bd_48ac.v:880]
INFO: [Synth 8-6155] done synthesizing module 'bd_48ac' (0#1) [f:/yolo_pynq_z2/src/z2viv/z2viv.gen/sources_1/bd/design_1/ip/design_1_smartconnect_0_0/bd_0/synth/bd_48ac.v:9]
INFO: [Synth 8-6155] done synthesizing module 'design_1_smartconnect_0_0' (0#1) [f:/yolo_pynq_z2/src/z2viv/z2viv.gen/sources_1/bd/design_1/ip/design_1_smartconnect_0_0/synth/design_1_smartconnect_0_0.v:53]
WARNING: [Synth 8-3848] Net aresetn_out in module/entity clk_map_imp_1NMB928 does not have driver. [f:/yolo_pynq_z2/src/z2viv/z2viv.gen/sources_1/bd/design_1/ip/design_1_smartconnect_0_0/bd_0/synth/bd_48ac.v:969]
WARNING: [Synth 8-7129] Port aclk in module sc_util_v1_0_4_pipeline__parameterized0 is either unconnected or has no load
WARNING: [Synth 8-7129] Port aclken in module sc_util_v1_0_4_pipeline__parameterized0 is either unconnected or has no load
WARNING: [Synth 8-7129] Port areset in module sc_util_v1_0_4_pipeline__parameterized0 is either unconnected or has no load
WARNING: [Synth 8-7129] Port din[0] in module sc_util_v1_0_4_onehot_to_binary__parameterized1 is either unconnected or has no load
WARNING: [Synth 8-7129] Port aclk in module sc_util_v1_0_4_pipeline__parameterized7 is either unconnected or has no load
WARNING: [Synth 8-7129] Port aclken in module sc_util_v1_0_4_pipeline__parameterized7 is either unconnected or has no load
WARNING: [Synth 8-7129] Port areset in module sc_util_v1_0_4_pipeline__parameterized7 is either unconnected or has no load
WARNING: [Synth 8-7129] Port connectivity[1] in module sc_switchboard_v1_0_6_top__parameterized2 is either unconnected or has no load
WARNING: [Synth 8-7129] Port connectivity[0] in module sc_switchboard_v1_0_6_top__parameterized2 is either unconnected or has no load
WARNING: [Synth 8-7129] Port din[0] in module sc_util_v1_0_4_onehot_to_binary__parameterized2 is either unconnected or has no load
WARNING: [Synth 8-7129] Port aclk in module sc_util_v1_0_4_pipeline__parameterized6 is either unconnected or has no load
WARNING: [Synth 8-7129] Port aclken in module sc_util_v1_0_4_pipeline__parameterized6 is either unconnected or has no load
WARNING: [Synth 8-7129] Port areset in module sc_util_v1_0_4_pipeline__parameterized6 is either unconnected or has no load
WARNING: [Synth 8-7129] Port connectivity[1] in module sc_switchboard_v1_0_6_top__parameterized1 is either unconnected or has no load
WARNING: [Synth 8-7129] Port connectivity[0] in module sc_switchboard_v1_0_6_top__parameterized1 is either unconnected or has no load
WARNING: [Synth 8-7129] Port aclk in module sc_util_v1_0_4_pipeline__parameterized5 is either unconnected or has no load
WARNING: [Synth 8-7129] Port aclken in module sc_util_v1_0_4_pipeline__parameterized5 is either unconnected or has no load
WARNING: [Synth 8-7129] Port areset in module sc_util_v1_0_4_pipeline__parameterized5 is either unconnected or has no load
WARNING: [Synth 8-7129] Port connectivity[1] in module sc_switchboard_v1_0_6_top__parameterized0 is either unconnected or has no load
WARNING: [Synth 8-7129] Port connectivity[0] in module sc_switchboard_v1_0_6_top__parameterized0 is either unconnected or has no load
WARNING: [Synth 8-7129] Port aclk in module sc_util_v1_0_4_pipeline__parameterized2 is either unconnected or has no load
WARNING: [Synth 8-7129] Port aclken in module sc_util_v1_0_4_pipeline__parameterized2 is either unconnected or has no load
WARNING: [Synth 8-7129] Port areset in module sc_util_v1_0_4_pipeline__parameterized2 is either unconnected or has no load
WARNING: [Synth 8-7129] Port connectivity[1] in module sc_switchboard_v1_0_6_top is either unconnected or has no load
WARNING: [Synth 8-7129] Port connectivity[0] in module sc_switchboard_v1_0_6_top is either unconnected or has no load
WARNING: [Synth 8-7129] Port aresetn in module switchboards_imp_1MKJLH2 is either unconnected or has no load
WARNING: [Synth 8-7129] Port din[0] in module sc_util_v1_0_4_onehot_to_binary__parameterized0 is either unconnected or has no load
WARNING: [Synth 8-7129] Port sleep in module xpm_memory_base__parameterized10 is either unconnected or has no load
WARNING: [Synth 8-7129] Port rsta in module xpm_memory_base__parameterized10 is either unconnected or has no load
WARNING: [Synth 8-7129] Port regcea in module xpm_memory_base__parameterized10 is either unconnected or has no load
WARNING: [Synth 8-7129] Port injectsbiterra in module xpm_memory_base__parameterized10 is either unconnected or has no load
WARNING: [Synth 8-7129] Port injectdbiterra in module xpm_memory_base__parameterized10 is either unconnected or has no load
WARNING: [Synth 8-7129] Port clkb in module xpm_memory_base__parameterized10 is either unconnected or has no load
WARNING: [Synth 8-7129] Port regceb in module xpm_memory_base__parameterized10 is either unconnected or has no load
WARNING: [Synth 8-7129] Port web[0] in module xpm_memory_base__parameterized10 is either unconnected or has no load
WARNING: [Synth 8-7129] Port dinb[87] in module xpm_memory_base__parameterized10 is either unconnected or has no load
WARNING: [Synth 8-7129] Port dinb[86] in module xpm_memory_base__parameterized10 is either unconnected or has no load
WARNING: [Synth 8-7129] Port dinb[85] in module xpm_memory_base__parameterized10 is either unconnected or has no load
WARNING: [Synth 8-7129] Port dinb[84] in module xpm_memory_base__parameterized10 is either unconnected or has no load
WARNING: [Synth 8-7129] Port dinb[83] in module xpm_memory_base__parameterized10 is either unconnected or has no load
WARNING: [Synth 8-7129] Port dinb[82] in module xpm_memory_base__parameterized10 is either unconnected or has no load
WARNING: [Synth 8-7129] Port dinb[81] in module xpm_memory_base__parameterized10 is either unconnected or has no load
WARNING: [Synth 8-7129] Port dinb[80] in module xpm_memory_base__parameterized10 is either unconnected or has no load
WARNING: [Synth 8-7129] Port dinb[79] in module xpm_memory_base__parameterized10 is either unconnected or has no load
WARNING: [Synth 8-7129] Port dinb[78] in module xpm_memory_base__parameterized10 is either unconnected or has no load
WARNING: [Synth 8-7129] Port dinb[77] in module xpm_memory_base__parameterized10 is either unconnected or has no load
WARNING: [Synth 8-7129] Port dinb[76] in module xpm_memory_base__parameterized10 is either unconnected or has no load
WARNING: [Synth 8-7129] Port dinb[75] in module xpm_memory_base__parameterized10 is either unconnected or has no load
WARNING: [Synth 8-7129] Port dinb[74] in module xpm_memory_base__parameterized10 is either unconnected or has no load
WARNING: [Synth 8-7129] Port dinb[73] in module xpm_memory_base__parameterized10 is either unconnected or has no load
WARNING: [Synth 8-7129] Port dinb[72] in module xpm_memory_base__parameterized10 is either unconnected or has no load
WARNING: [Synth 8-7129] Port dinb[71] in module xpm_memory_base__parameterized10 is either unconnected or has no load
WARNING: [Synth 8-7129] Port dinb[70] in module xpm_memory_base__parameterized10 is either unconnected or has no load
WARNING: [Synth 8-7129] Port dinb[69] in module xpm_memory_base__parameterized10 is either unconnected or has no load
WARNING: [Synth 8-7129] Port dinb[68] in module xpm_memory_base__parameterized10 is either unconnected or has no load
WARNING: [Synth 8-7129] Port dinb[67] in module xpm_memory_base__parameterized10 is either unconnected or has no load
WARNING: [Synth 8-7129] Port dinb[66] in module xpm_memory_base__parameterized10 is either unconnected or has no load
WARNING: [Synth 8-7129] Port dinb[65] in module xpm_memory_base__parameterized10 is either unconnected or has no load
WARNING: [Synth 8-7129] Port dinb[64] in module xpm_memory_base__parameterized10 is either unconnected or has no load
WARNING: [Synth 8-7129] Port dinb[63] in module xpm_memory_base__parameterized10 is either unconnected or has no load
WARNING: [Synth 8-7129] Port dinb[62] in module xpm_memory_base__parameterized10 is either unconnected or has no load
WARNING: [Synth 8-7129] Port dinb[61] in module xpm_memory_base__parameterized10 is either unconnected or has no load
WARNING: [Synth 8-7129] Port dinb[60] in module xpm_memory_base__parameterized10 is either unconnected or has no load
WARNING: [Synth 8-7129] Port dinb[59] in module xpm_memory_base__parameterized10 is either unconnected or has no load
WARNING: [Synth 8-7129] Port dinb[58] in module xpm_memory_base__parameterized10 is either unconnected or has no load
WARNING: [Synth 8-7129] Port dinb[57] in module xpm_memory_base__parameterized10 is either unconnected or has no load
WARNING: [Synth 8-7129] Port dinb[56] in module xpm_memory_base__parameterized10 is either unconnected or has no load
WARNING: [Synth 8-7129] Port dinb[55] in module xpm_memory_base__parameterized10 is either unconnected or has no load
WARNING: [Synth 8-7129] Port dinb[54] in module xpm_memory_base__parameterized10 is either unconnected or has no load
WARNING: [Synth 8-7129] Port dinb[53] in module xpm_memory_base__parameterized10 is either unconnected or has no load
WARNING: [Synth 8-7129] Port dinb[52] in module xpm_memory_base__parameterized10 is either unconnected or has no load
WARNING: [Synth 8-7129] Port dinb[51] in module xpm_memory_base__parameterized10 is either unconnected or has no load
WARNING: [Synth 8-7129] Port dinb[50] in module xpm_memory_base__parameterized10 is either unconnected or has no load
WARNING: [Synth 8-7129] Port dinb[49] in module xpm_memory_base__parameterized10 is either unconnected or has no load
WARNING: [Synth 8-7129] Port dinb[48] in module xpm_memory_base__parameterized10 is either unconnected or has no load
WARNING: [Synth 8-7129] Port dinb[47] in module xpm_memory_base__parameterized10 is either unconnected or has no load
WARNING: [Synth 8-7129] Port dinb[46] in module xpm_memory_base__parameterized10 is either unconnected or has no load
WARNING: [Synth 8-7129] Port dinb[45] in module xpm_memory_base__parameterized10 is either unconnected or has no load
WARNING: [Synth 8-7129] Port dinb[44] in module xpm_memory_base__parameterized10 is either unconnected or has no load
WARNING: [Synth 8-7129] Port dinb[43] in module xpm_memory_base__parameterized10 is either unconnected or has no load
WARNING: [Synth 8-7129] Port dinb[42] in module xpm_memory_base__parameterized10 is either unconnected or has no load
WARNING: [Synth 8-7129] Port dinb[41] in module xpm_memory_base__parameterized10 is either unconnected or has no load
WARNING: [Synth 8-7129] Port dinb[40] in module xpm_memory_base__parameterized10 is either unconnected or has no load
WARNING: [Synth 8-7129] Port dinb[39] in module xpm_memory_base__parameterized10 is either unconnected or has no load
WARNING: [Synth 8-7129] Port dinb[38] in module xpm_memory_base__parameterized10 is either unconnected or has no load
WARNING: [Synth 8-7129] Port dinb[37] in module xpm_memory_base__parameterized10 is either unconnected or has no load
WARNING: [Synth 8-7129] Port dinb[36] in module xpm_memory_base__parameterized10 is either unconnected or has no load
WARNING: [Synth 8-7129] Port dinb[35] in module xpm_memory_base__parameterized10 is either unconnected or has no load
WARNING: [Synth 8-7129] Port dinb[34] in module xpm_memory_base__parameterized10 is either unconnected or has no load
WARNING: [Synth 8-7129] Port dinb[33] in module xpm_memory_base__parameterized10 is either unconnected or has no load
WARNING: [Synth 8-7129] Port dinb[32] in module xpm_memory_base__parameterized10 is either unconnected or has no load
WARNING: [Synth 8-7129] Port dinb[31] in module xpm_memory_base__parameterized10 is either unconnected or has no load
WARNING: [Synth 8-7129] Port dinb[30] in module xpm_memory_base__parameterized10 is either unconnected or has no load
WARNING: [Synth 8-7129] Port dinb[29] in module xpm_memory_base__parameterized10 is either unconnected or has no load
WARNING: [Synth 8-7129] Port dinb[28] in module xpm_memory_base__parameterized10 is either unconnected or has no load
WARNING: [Synth 8-7129] Port dinb[27] in module xpm_memory_base__parameterized10 is either unconnected or has no load
WARNING: [Synth 8-7129] Port dinb[26] in module xpm_memory_base__parameterized10 is either unconnected or has no load
WARNING: [Synth 8-7129] Port dinb[25] in module xpm_memory_base__parameterized10 is either unconnected or has no load
WARNING: [Synth 8-7129] Port dinb[24] in module xpm_memory_base__parameterized10 is either unconnected or has no load
WARNING: [Synth 8-7129] Port dinb[23] in module xpm_memory_base__parameterized10 is either unconnected or has no load
INFO: [Common 17-14] Message 'Synth 8-7129' appears 100 times and further instances of the messages will be disabled. Use the Tcl command set_msg_config to change the current settings.
---------------------------------------------------------------------------------
Finished RTL Elaboration : Time (s): cpu = 00:00:22 ; elapsed = 00:00:25 . Memory (MB): peak = 1815.008 ; gain = 178.828
---------------------------------------------------------------------------------
---------------------------------------------------------------------------------
Start Handling Custom Attributes
---------------------------------------------------------------------------------
---------------------------------------------------------------------------------
Finished Handling Custom Attributes : Time (s): cpu = 00:00:22 ; elapsed = 00:00:26 . Memory (MB): peak = 1815.008 ; gain = 178.828
---------------------------------------------------------------------------------
---------------------------------------------------------------------------------
Finished RTL Optimization Phase 1 : Time (s): cpu = 00:00:22 ; elapsed = 00:00:26 . Memory (MB): peak = 1815.008 ; gain = 178.828
---------------------------------------------------------------------------------
Netlist sorting complete. Time (s): cpu = 00:00:03 ; elapsed = 00:00:03 . Memory (MB): peak = 1939.668 ; gain = 7.816
INFO: [Netlist 29-17] Analyzing 13 Unisim elements for replacement
INFO: [Netlist 29-28] Unisim Transformation completed in 0 CPU seconds
INFO: [Project 1-570] Preparing netlist for logic optimization

Processing XDC Constraints
Initializing timing engine
Parsing XDC File [f:/yolo_pynq_z2/src/z2viv/z2viv.gen/sources_1/bd/design_1/ip/design_1_smartconnect_0_0/ooc.xdc] for cell 'inst'
Finished Parsing XDC File [f:/yolo_pynq_z2/src/z2viv/z2viv.gen/sources_1/bd/design_1/ip/design_1_smartconnect_0_0/ooc.xdc] for cell 'inst'
Parsing XDC File [f:/yolo_pynq_z2/src/z2viv/z2viv.gen/sources_1/bd/design_1/ip/design_1_smartconnect_0_0/bd_0/ip/ip_1/bd_48ac_psr_aclk_0_board.xdc] for cell 'inst/clk_map/psr_aclk/U0'
Finished Parsing XDC File [f:/yolo_pynq_z2/src/z2viv/z2viv.gen/sources_1/bd/design_1/ip/design_1_smartconnect_0_0/bd_0/ip/ip_1/bd_48ac_psr_aclk_0_board.xdc] for cell 'inst/clk_map/psr_aclk/U0'
Parsing XDC File [f:/yolo_pynq_z2/src/z2viv/z2viv.gen/sources_1/bd/design_1/ip/design_1_smartconnect_0_0/bd_0/ip/ip_1/bd_48ac_psr_aclk_0.xdc] for cell 'inst/clk_map/psr_aclk/U0'
Finished Parsing XDC File [f:/yolo_pynq_z2/src/z2viv/z2viv.gen/sources_1/bd/design_1/ip/design_1_smartconnect_0_0/bd_0/ip/ip_1/bd_48ac_psr_aclk_0.xdc] for cell 'inst/clk_map/psr_aclk/U0'
Parsing XDC File [F:/yolo_pynq_z2/src/z2viv/z2viv.runs/design_1_smartconnect_0_0_synth_1/dont_touch.xdc]
Finished Parsing XDC File [F:/yolo_pynq_z2/src/z2viv/z2viv.runs/design_1_smartconnect_0_0_synth_1/dont_touch.xdc]
WARNING: [Vivado 12-180] No cells matched 'get_cells -hier -filter {PRIMITIVE_SUBGROUP==LUTRAM || PRIMITIVE_SUBGROUP==dram || PRIMITIVE_SUBGROUP==uram || PRIMITIVE_SUBGROUP==BRAM}'. [G:/Vivado/2022.1/data/ip/xpm/xpm_memory/tcl/xpm_memory_xdc.tcl:3]
WARNING: [Vivado 12-180] No cells matched 'get_cells -hier -filter {PRIMITIVE_SUBGROUP==LUTRAM || PRIMITIVE_SUBGROUP==dram || PRIMITIVE_SUBGROUP==uram || PRIMITIVE_SUBGROUP==BRAM}'. [G:/Vivado/2022.1/data/ip/xpm/xpm_memory/tcl/xpm_memory_xdc.tcl:3]
WARNING: [Vivado 12-180] No cells matched 'get_cells -hier -filter {PRIMITIVE_SUBGROUP==LUTRAM || PRIMITIVE_SUBGROUP==dram || PRIMITIVE_SUBGROUP==uram || PRIMITIVE_SUBGROUP==BRAM}'. [G:/Vivado/2022.1/data/ip/xpm/xpm_memory/tcl/xpm_memory_xdc.tcl:3]
WARNING: [Vivado 12-180] No cells matched 'get_cells -hier -filter {PRIMITIVE_SUBGROUP==LUTRAM || PRIMITIVE_SUBGROUP==dram || PRIMITIVE_SUBGROUP==uram || PRIMITIVE_SUBGROUP==BRAM}'. [G:/Vivado/2022.1/data/ip/xpm/xpm_memory/tcl/xpm_memory_xdc.tcl:3]
WARNING: [Vivado 12-180] No cells matched 'get_cells -hier -filter {PRIMITIVE_SUBGROUP==LUTRAM || PRIMITIVE_SUBGROUP==dram || PRIMITIVE_SUBGROUP==uram || PRIMITIVE_SUBGROUP==BRAM}'. [G:/Vivado/2022.1/data/ip/xpm/xpm_memory/tcl/xpm_memory_xdc.tcl:3]
WARNING: [Vivado 12-180] No cells matched 'get_cells -hier -filter {PRIMITIVE_SUBGROUP==LUTRAM || PRIMITIVE_SUBGROUP==dram || PRIMITIVE_SUBGROUP==uram || PRIMITIVE_SUBGROUP==BRAM}'. [G:/Vivado/2022.1/data/ip/xpm/xpm_memory/tcl/xpm_memory_xdc.tcl:3]
WARNING: [Vivado 12-180] No cells matched 'get_cells -hier -filter {PRIMITIVE_SUBGROUP==LUTRAM || PRIMITIVE_SUBGROUP==dram || PRIMITIVE_SUBGROUP==uram || PRIMITIVE_SUBGROUP==BRAM}'. [G:/Vivado/2022.1/data/ip/xpm/xpm_memory/tcl/xpm_memory_xdc.tcl:3]
WARNING: [Vivado 12-180] No cells matched 'get_cells -hier -filter {PRIMITIVE_SUBGROUP==LUTRAM || PRIMITIVE_SUBGROUP==dram || PRIMITIVE_SUBGROUP==uram || PRIMITIVE_SUBGROUP==BRAM}'. [G:/Vivado/2022.1/data/ip/xpm/xpm_memory/tcl/xpm_memory_xdc.tcl:3]
WARNING: [Vivado 12-180] No cells matched 'get_cells -hier -filter {PRIMITIVE_SUBGROUP==LUTRAM || PRIMITIVE_SUBGROUP==dram || PRIMITIVE_SUBGROUP==uram || PRIMITIVE_SUBGROUP==BRAM}'. [G:/Vivado/2022.1/data/ip/xpm/xpm_memory/tcl/xpm_memory_xdc.tcl:3]
WARNING: [Vivado 12-180] No cells matched 'get_cells -hier -filter {PRIMITIVE_SUBGROUP==LUTRAM || PRIMITIVE_SUBGROUP==dram || PRIMITIVE_SUBGROUP==uram || PRIMITIVE_SUBGROUP==BRAM}'. [G:/Vivado/2022.1/data/ip/xpm/xpm_memory/tcl/xpm_memory_xdc.tcl:3]
WARNING: [Vivado 12-180] No cells matched 'get_cells -hier -filter {PRIMITIVE_SUBGROUP==LUTRAM || PRIMITIVE_SUBGROUP==dram || PRIMITIVE_SUBGROUP==uram || PRIMITIVE_SUBGROUP==BRAM}'. [G:/Vivado/2022.1/data/ip/xpm/xpm_memory/tcl/xpm_memory_xdc.tcl:3]
WARNING: [Vivado 12-180] No cells matched 'get_cells -hier -filter {PRIMITIVE_SUBGROUP==LUTRAM || PRIMITIVE_SUBGROUP==dram || PRIMITIVE_SUBGROUP==uram || PRIMITIVE_SUBGROUP==BRAM}'. [G:/Vivado/2022.1/data/ip/xpm/xpm_memory/tcl/xpm_memory_xdc.tcl:3]
WARNING: [Vivado 12-180] No cells matched 'get_cells -hier -filter {PRIMITIVE_SUBGROUP==LUTRAM || PRIMITIVE_SUBGROUP==dram || PRIMITIVE_SUBGROUP==uram || PRIMITIVE_SUBGROUP==BRAM}'. [G:/Vivado/2022.1/data/ip/xpm/xpm_memory/tcl/xpm_memory_xdc.tcl:3]
WARNING: [Vivado 12-180] No cells matched 'get_cells -hier -filter {PRIMITIVE_SUBGROUP==LUTRAM || PRIMITIVE_SUBGROUP==dram || PRIMITIVE_SUBGROUP==uram || PRIMITIVE_SUBGROUP==BRAM}'. [G:/Vivado/2022.1/data/ip/xpm/xpm_memory/tcl/xpm_memory_xdc.tcl:3]
WARNING: [Vivado 12-180] No cells matched 'get_cells -hier -filter {PRIMITIVE_SUBGROUP==LUTRAM || PRIMITIVE_SUBGROUP==dram || PRIMITIVE_SUBGROUP==uram || PRIMITIVE_SUBGROUP==BRAM}'. [G:/Vivado/2022.1/data/ip/xpm/xpm_memory/tcl/xpm_memory_xdc.tcl:3]
WARNING: [Vivado 12-180] No cells matched 'get_cells -hier -filter {PRIMITIVE_SUBGROUP==LUTRAM || PRIMITIVE_SUBGROUP==dram || PRIMITIVE_SUBGROUP==uram || PRIMITIVE_SUBGROUP==BRAM}'. [G:/Vivado/2022.1/data/ip/xpm/xpm_memory/tcl/xpm_memory_xdc.tcl:3]
WARNING: [Vivado 12-180] No cells matched 'get_cells -hier -filter {PRIMITIVE_SUBGROUP==LUTRAM || PRIMITIVE_SUBGROUP==dram || PRIMITIVE_SUBGROUP==uram || PRIMITIVE_SUBGROUP==BRAM}'. [G:/Vivado/2022.1/data/ip/xpm/xpm_memory/tcl/xpm_memory_xdc.tcl:3]
WARNING: [Vivado 12-180] No cells matched 'get_cells -hier -filter {PRIMITIVE_SUBGROUP==LUTRAM || PRIMITIVE_SUBGROUP==dram || PRIMITIVE_SUBGROUP==uram || PRIMITIVE_SUBGROUP==BRAM}'. [G:/Vivado/2022.1/data/ip/xpm/xpm_memory/tcl/xpm_memory_xdc.tcl:3]
WARNING: [Vivado 12-180] No cells matched 'get_cells -hier -filter {PRIMITIVE_SUBGROUP==LUTRAM || PRIMITIVE_SUBGROUP==dram || PRIMITIVE_SUBGROUP==uram || PRIMITIVE_SUBGROUP==BRAM}'. [G:/Vivado/2022.1/data/ip/xpm/xpm_memory/tcl/xpm_memory_xdc.tcl:3]
WARNING: [Vivado 12-180] No cells matched 'get_cells -hier -filter {PRIMITIVE_SUBGROUP==LUTRAM || PRIMITIVE_SUBGROUP==dram || PRIMITIVE_SUBGROUP==uram || PRIMITIVE_SUBGROUP==BRAM}'. [G:/Vivado/2022.1/data/ip/xpm/xpm_memory/tcl/xpm_memory_xdc.tcl:3]
WARNING: [Vivado 12-180] No cells matched 'get_cells -hier -filter {PRIMITIVE_SUBGROUP==LUTRAM || PRIMITIVE_SUBGROUP==dram || PRIMITIVE_SUBGROUP==uram || PRIMITIVE_SUBGROUP==BRAM}'. [G:/Vivado/2022.1/data/ip/xpm/xpm_memory/tcl/xpm_memory_xdc.tcl:3]
WARNING: [Vivado 12-180] No cells matched 'get_cells -hier -filter {PRIMITIVE_SUBGROUP==LUTRAM || PRIMITIVE_SUBGROUP==dram || PRIMITIVE_SUBGROUP==uram || PRIMITIVE_SUBGROUP==BRAM}'. [G:/Vivado/2022.1/data/ip/xpm/xpm_memory/tcl/xpm_memory_xdc.tcl:3]
INFO: [Project 1-236] Implementation specific constraints were found while reading constraint file [G:/Vivado/2022.1/data/ip/xpm/xpm_memory/tcl/xpm_memory_xdc.tcl]. These constraints will be ignored for synthesis but will be used in implementation. Impacted constraints are listed in the file [.Xil/design_1_smartconnect_0_0_propImpl.xdc].
Resolution: To avoid this warning, move constraints listed in [.Xil/design_1_smartconnect_0_0_propImpl.xdc] to another XDC file and exclude this new file from synthesis with the used_in_synthesis property (File Properties dialog in GUI) and re-run elaboration/synthesis.
INFO: [Project 1-1714] 49 XPM XDC files have been applied to the design.
Completed Processing XDC Constraints

Netlist sorting complete. Time (s): cpu = 00:00:00 ; elapsed = 00:00:00.016 . Memory (MB): peak = 2392.574 ; gain = 0.000
INFO: [Project 1-111] Unisim Transformation Summary:
  A total of 13 instances were transformed.
  FDR => FDRE: 12 instances
  SRL16 => SRL16E: 1 instance 

Constraint Validation Runtime : Time (s): cpu = 00:00:01 ; elapsed = 00:00:00.890 . Memory (MB): peak = 2414.070 ; gain = 21.496
INFO: [Designutils 20-5008] Incremental synthesis strategy off
---------------------------------------------------------------------------------
Finished Constraint Validation : Time (s): cpu = 00:00:51 ; elapsed = 00:00:55 . Memory (MB): peak = 2414.070 ; gain = 777.891
---------------------------------------------------------------------------------
---------------------------------------------------------------------------------
Start Loading Part and Timing Information
---------------------------------------------------------------------------------
Loading part: xc7z020clg400-1
---------------------------------------------------------------------------------
Finished Loading Part and Timing Information : Time (s): cpu = 00:00:51 ; elapsed = 00:00:55 . Memory (MB): peak = 2414.070 ; gain = 777.891
---------------------------------------------------------------------------------
---------------------------------------------------------------------------------
Start Applying 'set_property' XDC Constraints
---------------------------------------------------------------------------------
Applied set_property KEEP_HIERARCHY = SOFT for inst. (constraint file  F:/yolo_pynq_z2/src/z2viv/z2viv.runs/design_1_smartconnect_0_0_synth_1/dont_touch.xdc, line 135).
Applied set_property KEEP_HIERARCHY = SOFT for inst/m00_nodes/m00_ar_node/inst/m_sc_xpm_cdc_async_rst_inst. (constraint file  auto generated constraint).
Applied set_property KEEP_HIERARCHY = SOFT for inst/m00_nodes/m00_aw_node/inst/m_sc_xpm_cdc_async_rst_inst. (constraint file  auto generated constraint).
Applied set_property KEEP_HIERARCHY = SOFT for inst/m00_nodes/m00_b_node/inst/m_sc_xpm_cdc_async_rst_inst. (constraint file  auto generated constraint).
Applied set_property KEEP_HIERARCHY = SOFT for inst/m00_nodes/m00_r_node/inst/m_sc_xpm_cdc_async_rst_inst. (constraint file  auto generated constraint).
Applied set_property KEEP_HIERARCHY = SOFT for inst/m00_nodes/m00_w_node/inst/m_sc_xpm_cdc_async_rst_inst. (constraint file  auto generated constraint).
Applied set_property KEEP_HIERARCHY = SOFT for inst/s00_nodes/s00_ar_node/inst/m_sc_xpm_cdc_async_rst_inst. (constraint file  auto generated constraint).
Applied set_property KEEP_HIERARCHY = SOFT for inst/s00_nodes/s00_r_node/inst/m_sc_xpm_cdc_async_rst_inst. (constraint file  auto generated constraint).
Applied set_property KEEP_HIERARCHY = SOFT for inst/s01_nodes/s01_aw_node/inst/m_sc_xpm_cdc_async_rst_inst. (constraint file  auto generated constraint).
Applied set_property KEEP_HIERARCHY = SOFT for inst/s01_nodes/s01_b_node/inst/m_sc_xpm_cdc_async_rst_inst. (constraint file  auto generated constraint).
Applied set_property KEEP_HIERARCHY = SOFT for inst/s01_nodes/s01_w_node/inst/m_sc_xpm_cdc_async_rst_inst. (constraint file  auto generated constraint).
Applied set_property KEEP_HIERARCHY = SOFT for inst/m00_nodes/m00_ar_node/inst/s_sc_xpm_cdc_async_rst_inst. (constraint file  auto generated constraint).
Applied set_property KEEP_HIERARCHY = SOFT for inst/m00_nodes/m00_aw_node/inst/s_sc_xpm_cdc_async_rst_inst. (constraint file  auto generated constraint).
Applied set_property KEEP_HIERARCHY = SOFT for inst/m00_nodes/m00_b_node/inst/s_sc_xpm_cdc_async_rst_inst. (constraint file  auto generated constraint).
Applied set_property KEEP_HIERARCHY = SOFT for inst/m00_nodes/m00_r_node/inst/s_sc_xpm_cdc_async_rst_inst. (constraint file  auto generated constraint).
Applied set_property KEEP_HIERARCHY = SOFT for inst/m00_nodes/m00_w_node/inst/s_sc_xpm_cdc_async_rst_inst. (constraint file  auto generated constraint).
Applied set_property KEEP_HIERARCHY = SOFT for inst/s00_nodes/s00_ar_node/inst/s_sc_xpm_cdc_async_rst_inst. (constraint file  auto generated constraint).
Applied set_property KEEP_HIERARCHY = SOFT for inst/s00_nodes/s00_r_node/inst/s_sc_xpm_cdc_async_rst_inst. (constraint file  auto generated constraint).
Applied set_property KEEP_HIERARCHY = SOFT for inst/s01_nodes/s01_aw_node/inst/s_sc_xpm_cdc_async_rst_inst. (constraint file  auto generated constraint).
Applied set_property KEEP_HIERARCHY = SOFT for inst/s01_nodes/s01_b_node/inst/s_sc_xpm_cdc_async_rst_inst. (constraint file  auto generated constraint).
Applied set_property KEEP_HIERARCHY = SOFT for inst/s01_nodes/s01_w_node/inst/s_sc_xpm_cdc_async_rst_inst. (constraint file  auto generated constraint).
Applied set_property KEEP_HIERARCHY = SOFT for inst/m00_exit_pipeline/m00_exit/inst/xpm_cdc_async_rst_inst. (constraint file  auto generated constraint).
Applied set_property KEEP_HIERARCHY = SOFT for inst/s00_entry_pipeline/s00_mmu/inst/xpm_cdc_async_rst_inst. (constraint file  auto generated constraint).
Applied set_property KEEP_HIERARCHY = SOFT for inst/s00_entry_pipeline/s00_si_converter/inst/xpm_cdc_async_rst_inst. (constraint file  auto generated constraint).
Applied set_property KEEP_HIERARCHY = SOFT for inst/s00_entry_pipeline/s00_transaction_regulator/inst/xpm_cdc_async_rst_inst. (constraint file  auto generated constraint).
Applied set_property KEEP_HIERARCHY = SOFT for inst/s01_entry_pipeline/s01_mmu/inst/xpm_cdc_async_rst_inst. (constraint file  auto generated constraint).
Applied set_property KEEP_HIERARCHY = SOFT for inst/s01_entry_pipeline/s01_si_converter/inst/xpm_cdc_async_rst_inst. (constraint file  auto generated constraint).
Applied set_property KEEP_HIERARCHY = SOFT for inst/s01_entry_pipeline/s01_transaction_regulator/inst/xpm_cdc_async_rst_inst. (constraint file  auto generated constraint).
Applied set_property KEEP_HIERARCHY = SOFT for inst/m00_nodes/m00_ar_node/inst/inst_mi_handler/\gen_normal_area.gen_node_prog_full.inst_node_prog_full /\gen_xpm_memory_fifo.inst_fifo /\gen_mem_rep[0].inst_xpm_memory . (constraint file  auto generated constraint).
Applied set_property KEEP_HIERARCHY = SOFT for inst/m00_nodes/m00_aw_node/inst/inst_mi_handler/\gen_normal_area.gen_node_prog_full.inst_node_prog_full /\gen_xpm_memory_fifo.inst_fifo /\gen_mem_rep[0].inst_xpm_memory . (constraint file  auto generated constraint).
Applied set_property KEEP_HIERARCHY = SOFT for inst/m00_nodes/m00_w_node/inst/inst_mi_handler/\gen_normal_area.gen_node_prog_full.inst_node_prog_full /\gen_xpm_memory_fifo.inst_fifo /\gen_mem_rep[0].inst_xpm_memory . (constraint file  auto generated constraint).
Applied set_property KEEP_HIERARCHY = SOFT for inst/s00_nodes/s00_r_node/inst/inst_mi_handler/\gen_normal_area.gen_node_prog_full.inst_node_prog_full /\gen_xpm_memory_fifo.inst_fifo /\gen_mem_rep[0].inst_xpm_memory . (constraint file  auto generated constraint).
Applied set_property KEEP_HIERARCHY = SOFT for inst/s01_nodes/s01_b_node/inst/inst_mi_handler/\gen_normal_area.gen_node_prog_full.inst_node_prog_full /\gen_xpm_memory_fifo.inst_fifo /\gen_mem_rep[0].inst_xpm_memory . (constraint file  auto generated constraint).
Applied set_property KEEP_HIERARCHY = SOFT for inst/m00_nodes/m00_ar_node/inst/inst_mi_handler/\gen_normal_area.inst_fifo_node_payld /\gen_xpm_memory_fifo.inst_fifo /\gen_mem_rep[0].inst_xpm_memory . (constraint file  auto generated constraint).
Applied set_property KEEP_HIERARCHY = SOFT for inst/m00_nodes/m00_aw_node/inst/inst_mi_handler/\gen_normal_area.inst_fifo_node_payld /\gen_xpm_memory_fifo.inst_fifo /\gen_mem_rep[0].inst_xpm_memory . (constraint file  auto generated constraint).
Applied set_property KEEP_HIERARCHY = SOFT for inst/m00_nodes/m00_b_node/inst/inst_mi_handler/\gen_normal_area.gen_fifo_req.inst_fifo_req /\gen_xpm_memory_fifo.inst_fifo /\gen_mem_rep[0].inst_xpm_memory . (constraint file  auto generated constraint).
Applied set_property KEEP_HIERARCHY = SOFT for inst/m00_nodes/m00_r_node/inst/inst_mi_handler/\gen_normal_area.gen_fifo_req.inst_fifo_req /\gen_xpm_memory_fifo.inst_fifo /\gen_mem_rep[0].inst_xpm_memory . (constraint file  auto generated constraint).
Applied set_property KEEP_HIERARCHY = SOFT for inst/m00_nodes/m00_b_node/inst/inst_mi_handler/\gen_normal_area.inst_fifo_node_payld /\gen_xpm_memory_fifo.inst_fifo /\gen_mem_rep[0].inst_xpm_memory . (constraint file  auto generated constraint).
Applied set_property KEEP_HIERARCHY = SOFT for inst/m00_nodes/m00_r_node/inst/inst_mi_handler/\gen_normal_area.inst_fifo_node_payld /\gen_xpm_memory_fifo.inst_fifo /\gen_mem_rep[0].inst_xpm_memory . (constraint file  auto generated constraint).
Applied set_property KEEP_HIERARCHY = SOFT for inst/m00_nodes/m00_w_node/inst/inst_mi_handler/\gen_normal_area.inst_fifo_node_payld /\gen_xpm_memory_fifo.inst_fifo /\gen_mem_rep[0].inst_xpm_memory . (constraint file  auto generated constraint).
Applied set_property KEEP_HIERARCHY = SOFT for inst/m00_nodes/m00_w_node/inst/inst_si_handler/\gen_si_handler.gen_request_fifos.gen_req_fifo[0].inst_req_fifo /\gen_xpm_memory_fifo.inst_fifo /\gen_mem_rep[0].inst_xpm_memory . (constraint file  auto generated constraint).
Applied set_property KEEP_HIERARCHY = SOFT for inst/m00_nodes/m00_w_node/inst/inst_si_handler/\gen_si_handler.gen_request_fifos.gen_req_fifo[1].inst_req_fifo /\gen_xpm_memory_fifo.inst_fifo /\gen_mem_rep[0].inst_xpm_memory . (constraint file  auto generated constraint).
Applied set_property KEEP_HIERARCHY = SOFT for inst/s00_nodes/s00_ar_node/inst/inst_mi_handler/\gen_normal_area.gen_fifo_req.inst_fifo_req /\gen_xpm_memory_fifo.inst_fifo /\gen_mem_rep[0].inst_xpm_memory . (constraint file  auto generated constraint).
Applied set_property KEEP_HIERARCHY = SOFT for inst/s01_nodes/s01_aw_node/inst/inst_mi_handler/\gen_normal_area.gen_fifo_req.inst_fifo_req /\gen_xpm_memory_fifo.inst_fifo /\gen_mem_rep[0].inst_xpm_memory . (constraint file  auto generated constraint).
Applied set_property KEEP_HIERARCHY = SOFT for inst/s01_nodes/s01_w_node/inst/inst_mi_handler/\gen_normal_area.gen_fifo_req.inst_fifo_req /\gen_xpm_memory_fifo.inst_fifo /\gen_mem_rep[0].inst_xpm_memory . (constraint file  auto generated constraint).
Applied set_property KEEP_HIERARCHY = SOFT for inst/s00_nodes/s00_ar_node/inst/inst_mi_handler/\gen_normal_area.inst_fifo_node_payld /\gen_xpm_memory_fifo.inst_fifo /\gen_mem_rep[0].inst_xpm_memory . (constraint file  auto generated constraint).
Applied set_property KEEP_HIERARCHY = SOFT for inst/s01_nodes/s01_aw_node/inst/inst_mi_handler/\gen_normal_area.inst_fifo_node_payld /\gen_xpm_memory_fifo.inst_fifo /\gen_mem_rep[0].inst_xpm_memory . (constraint file  auto generated constraint).
Applied set_property KEEP_HIERARCHY = SOFT for inst/s00_nodes/s00_r_node/inst/inst_mi_handler/\gen_normal_area.inst_fifo_node_payld /\gen_xpm_memory_fifo.inst_fifo /\gen_mem_rep[0].inst_xpm_memory . (constraint file  auto generated constraint).
Applied set_property KEEP_HIERARCHY = SOFT for inst/s01_nodes/s01_b_node/inst/inst_mi_handler/\gen_normal_area.inst_fifo_node_payld /\gen_xpm_memory_fifo.inst_fifo /\gen_mem_rep[0].inst_xpm_memory . (constraint file  auto generated constraint).
Applied set_property KEEP_HIERARCHY = SOFT for inst/s01_nodes/s01_w_node/inst/inst_mi_handler/\gen_normal_area.inst_fifo_node_payld /\gen_xpm_memory_fifo.inst_fifo /\gen_mem_rep[0].inst_xpm_memory . (constraint file  auto generated constraint).
---------------------------------------------------------------------------------
Finished applying 'set_property' XDC Constraints : Time (s): cpu = 00:00:51 ; elapsed = 00:00:55 . Memory (MB): peak = 2414.070 ; gain = 777.891
---------------------------------------------------------------------------------
INFO: [Synth 8-4490] FSM extraction disabled for register 'gen_pipelined.state_reg' through user attribute
INFO: [Synth 8-4490] FSM extraction disabled for register 'gen_pipelined.state_reg' through user attribute
INFO: [Synth 8-4490] FSM extraction disabled for register 'gen_pipelined.state_reg' through user attribute
INFO: [Synth 8-4490] FSM extraction disabled for register 'gen_pipelined.state_reg' through user attribute
INFO: [Synth 8-4490] FSM extraction disabled for register 'gen_pipelined.state_reg' through user attribute
INFO: [Synth 8-4490] FSM extraction disabled for register 'gen_pipelined.state_reg' through user attribute
INFO: [Synth 8-4490] FSM extraction disabled for register 'gen_AB_reg_slice.state_reg' through user attribute
INFO: [Synth 8-802] inferred FSM for state register 'gen_axi.gen_write.write_cs_reg' in module 'sc_mmu_v1_0_10_decerr_slave'
INFO: [Synth 8-4490] FSM extraction disabled for register 'gen_pipelined.state_reg' through user attribute
INFO: [Synth 8-4490] FSM extraction disabled for register 'gen_AB_reg_slice.state_reg' through user attribute
---------------------------------------------------------------------------------------------------
                   State |                     New Encoding |                Previous Encoding 
---------------------------------------------------------------------------------------------------
            P_WRITE_IDLE |                              001 |                               00
            P_WRITE_DATA |                              010 |                               01
            P_WRITE_RESP |                              100 |                               10
---------------------------------------------------------------------------------------------------
INFO: [Synth 8-3354] encoded FSM with state register 'gen_axi.gen_write.write_cs_reg' using encoding 'one-hot' in module 'sc_mmu_v1_0_10_decerr_slave'
---------------------------------------------------------------------------------
Finished RTL Optimization Phase 2 : Time (s): cpu = 00:00:55 ; elapsed = 00:01:00 . Memory (MB): peak = 2414.070 ; gain = 777.891
---------------------------------------------------------------------------------
---------------------------------------------------------------------------------
Start RTL Component Statistics 
---------------------------------------------------------------------------------
Detailed RTL Component Info : 
+---Adders : 
	   2 Input   32 Bit       Adders := 2     
	   2 Input    8 Bit       Adders := 5     
	   3 Input    8 Bit       Adders := 2     
	   2 Input    7 Bit       Adders := 4     
	   2 Input    6 Bit       Adders := 121   
	   2 Input    5 Bit       Adders := 8     
	   2 Input    4 Bit       Adders := 20    
	   2 Input    3 Bit       Adders := 12    
	   2 Input    2 Bit       Adders := 4     
	   3 Input    1 Bit       Adders := 4     
+---XORs : 
	   2 Input      1 Bit         XORs := 173   
+---Registers : 
	             2178 Bit    Registers := 42    
	              512 Bit    Registers := 2     
	              158 Bit    Registers := 2     
	              140 Bit    Registers := 4     
	              106 Bit    Registers := 1     
	              103 Bit    Registers := 1     
	               88 Bit    Registers := 2     
	               85 Bit    Registers := 3     
	               64 Bit    Registers := 4     
	               47 Bit    Registers := 1     
	               33 Bit    Registers := 1     
	               25 Bit    Registers := 1     
	               19 Bit    Registers := 2     
	               18 Bit    Registers := 3     
	               16 Bit    Registers := 3     
	               14 Bit    Registers := 2     
	                9 Bit    Registers := 1     
	                8 Bit    Registers := 10    
	                7 Bit    Registers := 7     
	                6 Bit    Registers := 61    
	                5 Bit    Registers := 8     
	                4 Bit    Registers := 24    
	                3 Bit    Registers := 48    
	                2 Bit    Registers := 26    
	                1 Bit    Registers := 479   
+---Muxes : 
	   2 Input 2178 Bit        Muxes := 21    
	   2 Input  512 Bit        Muxes := 2     
	   2 Input  140 Bit        Muxes := 2     
	   2 Input   88 Bit        Muxes := 1     
	   2 Input   85 Bit        Muxes := 2     
	   2 Input   64 Bit        Muxes := 6     
	   2 Input   47 Bit        Muxes := 1     
	   2 Input   33 Bit        Muxes := 1     
	   2 Input   32 Bit        Muxes := 6     
	   2 Input   16 Bit        Muxes := 1     
	   2 Input   14 Bit        Muxes := 2     
	   2 Input    9 Bit        Muxes := 1     
	   2 Input    8 Bit        Muxes := 13    
	   2 Input    7 Bit        Muxes := 18    
	   4 Input    7 Bit        Muxes := 8     
	   2 Input    6 Bit        Muxes := 21    
	   2 Input    4 Bit        Muxes := 4     
	   4 Input    3 Bit        Muxes := 14    
	  11 Input    3 Bit        Muxes := 10    
	   2 Input    3 Bit        Muxes := 16    
	   2 Input    2 Bit        Muxes := 106   
	   3 Input    2 Bit        Muxes := 1     
	   7 Input    2 Bit        Muxes := 5     
	   6 Input    1 Bit        Muxes := 134   
	   4 Input    1 Bit        Muxes := 50    
	  10 Input    1 Bit        Muxes := 63    
	   7 Input    1 Bit        Muxes := 42    
	  12 Input    1 Bit        Muxes := 10    
	   2 Input    1 Bit        Muxes := 190   
	   3 Input    1 Bit        Muxes := 20    
---------------------------------------------------------------------------------
Finished RTL Component Statistics 
---------------------------------------------------------------------------------
---------------------------------------------------------------------------------
Start Part Resource Summary
---------------------------------------------------------------------------------
Part Resources:
DSPs: 220 (col length:60)
BRAMs: 280 (col length: RAMB18 60 RAMB36 30)
---------------------------------------------------------------------------------
Finished Part Resource Summary
---------------------------------------------------------------------------------
---------------------------------------------------------------------------------
Start Cross Boundary and Area Optimization
---------------------------------------------------------------------------------
WARNING: [Synth 8-7080] Parallel synthesis criteria is not met
---------------------------------------------------------------------------------
Finished Cross Boundary and Area Optimization : Time (s): cpu = 00:01:24 ; elapsed = 00:01:33 . Memory (MB): peak = 2414.070 ; gain = 777.891
---------------------------------------------------------------------------------
---------------------------------------------------------------------------------
Start ROM, RAM, DSP, Shift Register and Retiming Reporting
---------------------------------------------------------------------------------

Distributed RAM: Preliminary Mapping Report (see note below)
+--------------------------------------------------------------------------------------------------------------------------------------------------------------------------------------------------------+----------------------------------+----------------+----------------------+---------------+
|Module Name                                                                                                                                                                                             | RTL Object                       | Inference      | Size (Depth x Width) | Primitives    | 
+--------------------------------------------------------------------------------------------------------------------------------------------------------------------------------------------------------+----------------------------------+----------------+----------------------+---------------+
|inst/i_0/\m00_nodes/m00_ar_node/inst /\inst_mi_handler/gen_normal_area.inst_fifo_node_payld/gen_xpm_memory_fifo.inst_fifo/gen_mem_rep[0].inst_xpm_memory /xpm_memory_base_inst                          | gen_wr_a.gen_word_narrow.mem_reg | User Attribute | 32 x 158             | RAM32M x 27   | 
|inst/i_0/\m00_nodes/m00_aw_node/inst /\inst_mi_handler/gen_normal_area.inst_fifo_node_payld/gen_xpm_memory_fifo.inst_fifo/gen_mem_rep[0].inst_xpm_memory /xpm_memory_base_inst                          | gen_wr_a.gen_word_narrow.mem_reg | User Attribute | 32 x 158             | RAM32M x 27   | 
|inst/i_0/\m00_nodes/m00_b_node/inst /\inst_mi_handler/gen_normal_area.gen_fifo_req.inst_fifo_req/gen_xpm_memory_fifo.inst_fifo/gen_mem_rep[0].inst_xpm_memory /xpm_memory_base_inst                     | gen_wr_a.gen_word_narrow.mem_reg | User Attribute | 32 x 19              | RAM32M x 4    | 
|inst/i_0/\m00_nodes/m00_b_node/inst /\inst_mi_handler/gen_normal_area.inst_fifo_node_payld/gen_xpm_memory_fifo.inst_fifo/gen_mem_rep[0].inst_xpm_memory /xpm_memory_base_inst                           | gen_wr_a.gen_word_narrow.mem_reg | User Attribute | 32 x 7               | RAM32M x 2    | 
|inst/i_0/\m00_nodes/m00_r_node/inst /\inst_mi_handler/gen_normal_area.gen_fifo_req.inst_fifo_req/gen_xpm_memory_fifo.inst_fifo/gen_mem_rep[0].inst_xpm_memory /xpm_memory_base_inst                     | gen_wr_a.gen_word_narrow.mem_reg | User Attribute | 32 x 19              | RAM32M x 4    | 
|inst/i_0/\m00_nodes/m00_r_node/inst /\inst_mi_handler/gen_normal_area.inst_fifo_node_payld/gen_xpm_memory_fifo.inst_fifo/gen_mem_rep[0].inst_xpm_memory /xpm_memory_base_inst                           | gen_wr_a.gen_word_narrow.mem_reg | User Attribute | 32 x 85              | RAM32M x 15   | 
|inst/i_0/\m00_nodes/m00_w_node/inst /\inst_si_handler/gen_si_handler.gen_request_fifos.gen_req_fifo[1].inst_req_fifo/gen_xpm_memory_fifo.inst_fifo/gen_mem_rep[0].inst_xpm_memory /xpm_memory_base_inst | gen_wr_a.gen_word_narrow.mem_reg | User Attribute | 4 x 1                | RAM16X1D x 1  | 
|inst/i_0/\m00_nodes/m00_w_node/inst /\inst_mi_handler/gen_normal_area.inst_fifo_node_payld/gen_xpm_memory_fifo.inst_fifo/gen_mem_rep[0].inst_xpm_memory /xpm_memory_base_inst                           | gen_wr_a.gen_word_narrow.mem_reg | User Attribute | 32 x 106             | RAM32M x 18   | 
|inst/i_0/\s00_nodes/s00_ar_node/inst /\inst_mi_handler/gen_normal_area.inst_fifo_node_payld/gen_xpm_memory_fifo.inst_fifo/gen_mem_rep[0].inst_xpm_memory /xpm_memory_base_inst                          | gen_wr_a.gen_word_narrow.mem_reg | User Attribute | 32 x 140             | RAM32M x 24   | 
|inst/i_0/\s00_nodes/s00_r_node/inst /\inst_mi_handler/gen_normal_area.inst_fifo_node_payld/gen_xpm_memory_fifo.inst_fifo/gen_mem_rep[0].inst_xpm_memory /xpm_memory_base_inst                           | gen_wr_a.gen_word_narrow.mem_reg | User Attribute | 32 x 103             | RAM32M x 18   | 
|inst/i_0/\s01_nodes/s01_aw_node/inst /\inst_mi_handler/gen_normal_area.inst_fifo_node_payld/gen_xpm_memory_fifo.inst_fifo/gen_mem_rep[0].inst_xpm_memory /xpm_memory_base_inst                          | gen_wr_a.gen_word_narrow.mem_reg | User Attribute | 32 x 140             | RAM32M x 24   | 
|inst/i_0/\s01_nodes/s01_b_node/inst /\inst_mi_handler/gen_normal_area.inst_fifo_node_payld/gen_xpm_memory_fifo.inst_fifo/gen_mem_rep[0].inst_xpm_memory /xpm_memory_base_inst                           | gen_wr_a.gen_word_narrow.mem_reg | User Attribute | 32 x 25              | RAM32M x 5    | 
|inst/i_0/\s01_nodes/s01_w_node/inst /\inst_mi_handler/gen_normal_area.gen_fifo_req.inst_fifo_req/gen_xpm_memory_fifo.inst_fifo/gen_mem_rep[0].inst_xpm_memory /xpm_memory_base_inst                     | gen_wr_a.gen_word_narrow.mem_reg | User Attribute | 32 x 18              | RAM32M x 3    | 
|inst/i_0/\s01_nodes/s01_w_node/inst /\inst_mi_handler/gen_normal_area.inst_fifo_node_payld/gen_xpm_memory_fifo.inst_fifo/gen_mem_rep[0].inst_xpm_memory /xpm_memory_base_inst                           | gen_wr_a.gen_word_narrow.mem_reg | User Attribute | 32 x 88              | RAM32M x 15   | 
+--------------------------------------------------------------------------------------------------------------------------------------------------------------------------------------------------------+----------------------------------+----------------+----------------------+---------------+

Note: The table above is a preliminary report that shows the Distributed RAMs at the current stage of the synthesis flow. Some Distributed RAMs may be reimplemented as non Distributed RAM primitives later in the synthesis flow. Multiple instantiated RAMs are reported only once.
---------------------------------------------------------------------------------
Finished ROM, RAM, DSP, Shift Register and Retiming Reporting
---------------------------------------------------------------------------------
---------------------------------------------------------------------------------
Start Applying XDC Timing Constraints
---------------------------------------------------------------------------------
---------------------------------------------------------------------------------
Finished Applying XDC Timing Constraints : Time (s): cpu = 00:01:29 ; elapsed = 00:01:38 . Memory (MB): peak = 2414.070 ; gain = 777.891
---------------------------------------------------------------------------------
---------------------------------------------------------------------------------
Start Timing Optimization
---------------------------------------------------------------------------------
---------------------------------------------------------------------------------
Finished Timing Optimization : Time (s): cpu = 00:01:35 ; elapsed = 00:01:44 . Memory (MB): peak = 2414.070 ; gain = 777.891
---------------------------------------------------------------------------------
---------------------------------------------------------------------------------
Start ROM, RAM, DSP, Shift Register and Retiming Reporting
---------------------------------------------------------------------------------

Distributed RAM: Final Mapping Report
+--------------------------------------------------------------------------------------------------------------------------------------------------------------------------------------------------------+----------------------------------+----------------+----------------------+---------------+
|Module Name                                                                                                                                                                                             | RTL Object                       | Inference      | Size (Depth x Width) | Primitives    | 
+--------------------------------------------------------------------------------------------------------------------------------------------------------------------------------------------------------+----------------------------------+----------------+----------------------+---------------+
|inst/i_0/\s00_nodes/s00_ar_node/inst /\inst_mi_handler/gen_normal_area.inst_fifo_node_payld/gen_xpm_memory_fifo.inst_fifo/gen_mem_rep[0].inst_xpm_memory /xpm_memory_base_inst                          | gen_wr_a.gen_word_narrow.mem_reg | User Attribute | 32 x 140             | RAM32M x 24   | 
|inst/i_0/\s00_nodes/s00_r_node/inst /\inst_mi_handler/gen_normal_area.inst_fifo_node_payld/gen_xpm_memory_fifo.inst_fifo/gen_mem_rep[0].inst_xpm_memory /xpm_memory_base_inst                           | gen_wr_a.gen_word_narrow.mem_reg | User Attribute | 32 x 103             | RAM32M x 18   | 
|inst/i_0/\s01_nodes/s01_aw_node/inst /\inst_mi_handler/gen_normal_area.inst_fifo_node_payld/gen_xpm_memory_fifo.inst_fifo/gen_mem_rep[0].inst_xpm_memory /xpm_memory_base_inst                          | gen_wr_a.gen_word_narrow.mem_reg | User Attribute | 32 x 140             | RAM32M x 24   | 
|inst/i_0/\s01_nodes/s01_b_node/inst /\inst_mi_handler/gen_normal_area.inst_fifo_node_payld/gen_xpm_memory_fifo.inst_fifo/gen_mem_rep[0].inst_xpm_memory /xpm_memory_base_inst                           | gen_wr_a.gen_word_narrow.mem_reg | User Attribute | 32 x 25              | RAM32M x 5    | 
|inst/i_0/\s01_nodes/s01_w_node/inst /\inst_mi_handler/gen_normal_area.gen_fifo_req.inst_fifo_req/gen_xpm_memory_fifo.inst_fifo/gen_mem_rep[0].inst_xpm_memory /xpm_memory_base_inst                     | gen_wr_a.gen_word_narrow.mem_reg | User Attribute | 32 x 18              | RAM32M x 3    | 
|inst/i_0/\s01_nodes/s01_w_node/inst /\inst_mi_handler/gen_normal_area.inst_fifo_node_payld/gen_xpm_memory_fifo.inst_fifo/gen_mem_rep[0].inst_xpm_memory /xpm_memory_base_inst                           | gen_wr_a.gen_word_narrow.mem_reg | User Attribute | 32 x 88              | RAM32M x 15   | 
|inst/i_0/\m00_nodes/m00_ar_node/inst /\inst_mi_handler/gen_normal_area.inst_fifo_node_payld/gen_xpm_memory_fifo.inst_fifo/gen_mem_rep[0].inst_xpm_memory /xpm_memory_base_inst                          | gen_wr_a.gen_word_narrow.mem_reg | User Attribute | 32 x 158             | RAM32M x 27   | 
|inst/i_0/\m00_nodes/m00_aw_node/inst /\inst_mi_handler/gen_normal_area.inst_fifo_node_payld/gen_xpm_memory_fifo.inst_fifo/gen_mem_rep[0].inst_xpm_memory /xpm_memory_base_inst                          | gen_wr_a.gen_word_narrow.mem_reg | User Attribute | 32 x 158             | RAM32M x 27   | 
|inst/i_0/\m00_nodes/m00_b_node/inst /\inst_mi_handler/gen_normal_area.gen_fifo_req.inst_fifo_req/gen_xpm_memory_fifo.inst_fifo/gen_mem_rep[0].inst_xpm_memory /xpm_memory_base_inst                     | gen_wr_a.gen_word_narrow.mem_reg | User Attribute | 32 x 19              | RAM32M x 4    | 
|inst/i_0/\m00_nodes/m00_b_node/inst /\inst_mi_handler/gen_normal_area.inst_fifo_node_payld/gen_xpm_memory_fifo.inst_fifo/gen_mem_rep[0].inst_xpm_memory /xpm_memory_base_inst                           | gen_wr_a.gen_word_narrow.mem_reg | User Attribute | 32 x 7               | RAM32M x 2    | 
|inst/i_0/\m00_nodes/m00_r_node/inst /\inst_mi_handler/gen_normal_area.gen_fifo_req.inst_fifo_req/gen_xpm_memory_fifo.inst_fifo/gen_mem_rep[0].inst_xpm_memory /xpm_memory_base_inst                     | gen_wr_a.gen_word_narrow.mem_reg | User Attribute | 32 x 19              | RAM32M x 4    | 
|inst/i_0/\m00_nodes/m00_r_node/inst /\inst_mi_handler/gen_normal_area.inst_fifo_node_payld/gen_xpm_memory_fifo.inst_fifo/gen_mem_rep[0].inst_xpm_memory /xpm_memory_base_inst                           | gen_wr_a.gen_word_narrow.mem_reg | User Attribute | 32 x 85              | RAM32M x 15   | 
|inst/i_0/\m00_nodes/m00_w_node/inst /\inst_si_handler/gen_si_handler.gen_request_fifos.gen_req_fifo[1].inst_req_fifo/gen_xpm_memory_fifo.inst_fifo/gen_mem_rep[0].inst_xpm_memory /xpm_memory_base_inst | gen_wr_a.gen_word_narrow.mem_reg | User Attribute | 4 x 1                | RAM16X1D x 1  | 
|inst/i_0/\m00_nodes/m00_w_node/inst /\inst_mi_handler/gen_normal_area.inst_fifo_node_payld/gen_xpm_memory_fifo.inst_fifo/gen_mem_rep[0].inst_xpm_memory /xpm_memory_base_inst                           | gen_wr_a.gen_word_narrow.mem_reg | User Attribute | 32 x 106             | RAM32M x 18   | 
+--------------------------------------------------------------------------------------------------------------------------------------------------------------------------------------------------------+----------------------------------+----------------+----------------------+---------------+

---------------------------------------------------------------------------------
Finished ROM, RAM, DSP, Shift Register and Retiming Reporting
---------------------------------------------------------------------------------
---------------------------------------------------------------------------------
Start Technology Mapping
---------------------------------------------------------------------------------
INFO: [Synth 8-3332] Sequential element (gen_endpoint.decerr_slave_inst/FSM_onehot_gen_axi.gen_write.write_cs_reg[2]) is unused and will be removed from module sc_mmu_v1_0_10_top.
INFO: [Synth 8-3332] Sequential element (gen_endpoint.decerr_slave_inst/FSM_onehot_gen_axi.gen_write.write_cs_reg[1]) is unused and will be removed from module sc_mmu_v1_0_10_top.
INFO: [Synth 8-3332] Sequential element (gen_endpoint.decerr_slave_inst/FSM_onehot_gen_axi.gen_write.write_cs_reg[0]) is unused and will be removed from module sc_mmu_v1_0_10_top.
---------------------------------------------------------------------------------
Finished Technology Mapping : Time (s): cpu = 00:01:37 ; elapsed = 00:01:48 . Memory (MB): peak = 2414.070 ; gain = 777.891
---------------------------------------------------------------------------------
---------------------------------------------------------------------------------
Start IO Insertion
---------------------------------------------------------------------------------
---------------------------------------------------------------------------------
Start Flattening Before IO Insertion
---------------------------------------------------------------------------------
---------------------------------------------------------------------------------
Finished Flattening Before IO Insertion
---------------------------------------------------------------------------------
---------------------------------------------------------------------------------
Start Final Netlist Cleanup
---------------------------------------------------------------------------------
---------------------------------------------------------------------------------
Finished Final Netlist Cleanup
---------------------------------------------------------------------------------
---------------------------------------------------------------------------------
Finished IO Insertion : Time (s): cpu = 00:01:41 ; elapsed = 00:01:51 . Memory (MB): peak = 2414.070 ; gain = 777.891
---------------------------------------------------------------------------------
---------------------------------------------------------------------------------
Start Renaming Generated Instances
---------------------------------------------------------------------------------
---------------------------------------------------------------------------------
Finished Renaming Generated Instances : Time (s): cpu = 00:01:41 ; elapsed = 00:01:51 . Memory (MB): peak = 2414.070 ; gain = 777.891
---------------------------------------------------------------------------------
---------------------------------------------------------------------------------
Start Rebuilding User Hierarchy
---------------------------------------------------------------------------------
---------------------------------------------------------------------------------
Finished Rebuilding User Hierarchy : Time (s): cpu = 00:01:41 ; elapsed = 00:01:52 . Memory (MB): peak = 2414.070 ; gain = 777.891
---------------------------------------------------------------------------------
---------------------------------------------------------------------------------
Start Renaming Generated Ports
---------------------------------------------------------------------------------
---------------------------------------------------------------------------------
Finished Renaming Generated Ports : Time (s): cpu = 00:01:41 ; elapsed = 00:01:52 . Memory (MB): peak = 2414.070 ; gain = 777.891
---------------------------------------------------------------------------------
---------------------------------------------------------------------------------
Start Handling Custom Attributes
---------------------------------------------------------------------------------
---------------------------------------------------------------------------------
Finished Handling Custom Attributes : Time (s): cpu = 00:01:41 ; elapsed = 00:01:52 . Memory (MB): peak = 2414.070 ; gain = 777.891
---------------------------------------------------------------------------------
---------------------------------------------------------------------------------
Start Renaming Generated Nets
---------------------------------------------------------------------------------
---------------------------------------------------------------------------------
Finished Renaming Generated Nets : Time (s): cpu = 00:01:41 ; elapsed = 00:01:52 . Memory (MB): peak = 2414.070 ; gain = 777.891
---------------------------------------------------------------------------------
---------------------------------------------------------------------------------
Start ROM, RAM, DSP, Shift Register and Retiming Reporting
---------------------------------------------------------------------------------

Dynamic Shift Register Report:
+------------+---------------+--------+------------+--------+---------+--------+--------+--------+
|Module Name | RTL Name      | Length | Data Width | SRL16E | SRLC32E | Mux F7 | Mux F8 | Mux F9 | 
+------------+---------------+--------+------------+--------+---------+--------+--------+--------+
|dsrl        | shift_reg_reg | 16     | 1          | 1      | 0       | 0      | 0      | 0      | 
+------------+---------------+--------+------------+--------+---------+--------+--------+--------+

---------------------------------------------------------------------------------
Finished ROM, RAM, DSP, Shift Register and Retiming Reporting
---------------------------------------------------------------------------------
---------------------------------------------------------------------------------
Start Writing Synthesis Report
---------------------------------------------------------------------------------

Report BlackBoxes: 
+-+--------------+----------+
| |BlackBox name |Instances |
+-+--------------+----------+
+-+--------------+----------+

Report Cell Usage: 
+------+---------+------+
|      |Cell     |Count |
+------+---------+------+
|1     |CARRY4   |    32|
|2     |LUT1     |   163|
|3     |LUT2     |   159|
|4     |LUT3     |   819|
|5     |LUT4     |   314|
|6     |LUT5     |   473|
|7     |LUT6     |   504|
|8     |RAM16X1D |     1|
|9     |RAM32M   |   109|
|10    |RAM32X1D |     6|
|11    |SRL16    |     1|
|12    |SRL16E   |    27|
|13    |FDCE     |    81|
|14    |FDR      |     4|
|15    |FDRE     |  3040|
|16    |FDSE     |   163|
+------+---------+------+
---------------------------------------------------------------------------------
Finished Writing Synthesis Report : Time (s): cpu = 00:01:42 ; elapsed = 00:01:52 . Memory (MB): peak = 2414.070 ; gain = 777.891
---------------------------------------------------------------------------------
Synthesis finished with 0 errors, 0 critical warnings and 5184 warnings.
Synthesis Optimization Runtime : Time (s): cpu = 00:00:55 ; elapsed = 00:01:28 . Memory (MB): peak = 2414.070 ; gain = 178.828
Synthesis Optimization Complete : Time (s): cpu = 00:01:42 ; elapsed = 00:01:52 . Memory (MB): peak = 2414.070 ; gain = 777.891
INFO: [Project 1-571] Translating synthesized netlist
Netlist sorting complete. Time (s): cpu = 00:00:00 ; elapsed = 00:00:00.290 . Memory (MB): peak = 2414.070 ; gain = 0.000
INFO: [Netlist 29-17] Analyzing 153 Unisim elements for replacement
INFO: [Netlist 29-28] Unisim Transformation completed in 0 CPU seconds
INFO: [Project 1-570] Preparing netlist for logic optimization
INFO: [Opt 31-138] Pushed 0 inverter(s) to 0 load pin(s).
Netlist sorting complete. Time (s): cpu = 00:00:00 ; elapsed = 00:00:00.002 . Memory (MB): peak = 2414.070 ; gain = 0.000
INFO: [Project 1-111] Unisim Transformation Summary:
  A total of 121 instances were transformed.
  FDR => FDRE: 4 instances
  RAM16X1D => RAM32X1D (RAMD32(x2)): 1 instance 
  RAM32M => RAM32M (RAMD32(x6), RAMS32(x2)): 109 instances
  RAM32X1D => RAM32X1D (RAMD32(x2)): 6 instances
  SRL16 => SRL16E: 1 instance 

Synth Design complete, checksum: 9308233c
INFO: [Common 17-83] Releasing license: Synthesis
185 Infos, 148 Warnings, 0 Critical Warnings and 0 Errors encountered.
synth_design completed successfully
synth_design: Time (s): cpu = 00:01:48 ; elapsed = 00:02:00 . Memory (MB): peak = 2414.070 ; gain = 777.891
INFO: [Common 17-1381] The checkpoint 'F:/yolo_pynq_z2/src/z2viv/z2viv.runs/design_1_smartconnect_0_0_synth_1/design_1_smartconnect_0_0.dcp' has been generated.
INFO: [Coretcl 2-1648] Added synthesis output to IP cache for IP design_1_smartconnect_0_0, cache-ID = 54ad4d77cc7c8884
INFO: [Coretcl 2-1174] Renamed 327 cell refs.
INFO: [Common 17-1381] The checkpoint 'F:/yolo_pynq_z2/src/z2viv/z2viv.runs/design_1_smartconnect_0_0_synth_1/design_1_smartconnect_0_0.dcp' has been generated.
INFO: [runtcl-4] Executing : report_utilization -file design_1_smartconnect_0_0_utilization_synth.rpt -pb design_1_smartconnect_0_0_utilization_synth.pb
INFO: [Common 17-206] Exiting Vivado at Sun Sep 13 00:03:13 2026...
